---
source: tests/parser_snapshot_tests.rs
expression: json_string
input_file: tests/fixtures/apple-music-duet.ttml
---
{
	"metadata": {
		"language": "en",
		"timingMode": "Word",
		"songwriters": [
			"Lin-Manuel Miranda"
		],
		"agents": {
			"v1": {
				"id": "v1",
				"type": "person"
			},
			"v2": {
				"id": "v2",
				"type": "person"
			},
			"v3": {
				"id": "v3",
				"type": "person"
			},
			"v4": {
				"id": "v4",
				"type": "group"
			},
			"v5": {
				"id": "v5",
				"type": "person"
			},
			"v6": {
				"id": "v6",
				"type": "person"
			},
			"v7": {
				"id": "v7",
				"type": "person"
			},
			"v8": {
				"id": "v8",
				"type": "person"
			},
			"v9": {
				"id": "v9",
				"type": "person"
			},
			"v10": {
				"id": "v10",
				"type": "person"
			}
		}
	},
	"lines": [
		{
			"text": "We don't talk about Bruno, no, no, no",
			"startTime": 1152,
			"endTime": 5552,
			"words": [
				{
					"text": "We",
					"startTime": 1152,
					"endTime": 1528,
					"endsWithSpace": true
				},
				{
					"text": "don't",
					"startTime": 1528,
					"endTime": 1794,
					"endsWithSpace": true
				},
				{
					"text": "talk",
					"startTime": 1794,
					"endTime": 2138,
					"endsWithSpace": true
				},
				{
					"text": "about",
					"startTime": 2138,
					"endTime": 2728,
					"endsWithSpace": true
				},
				{
					"text": "Bru",
					"startTime": 2728,
					"endTime": 3236
				},
				{
					"text": "no,",
					"startTime": 3236,
					"endTime": 3738,
					"endsWithSpace": true
				},
				{
					"text": "no,",
					"startTime": 3845,
					"endTime": 4394,
					"endsWithSpace": true
				},
				{
					"text": "no,",
					"startTime": 4394,
					"endTime": 4998,
					"endsWithSpace": true
				},
				{
					"text": "no",
					"startTime": 4998,
					"endTime": 5552
				}
			],
			"translations": [
				{
					"language": "zh-Hans",
					"text": "我们不提布鲁诺 不 不 不"
				}
			],
			"id": "L1",
			"agentId": "v1",
			"songPart": "Intro",
			"blockIndex": 1
		},
		{
			"text": "We don't talk about Bruno, but",
			"startTime": 5838,
			"endTime": 10254,
			"words": [
				{
					"text": "We",
					"startTime": 5838,
					"endTime": 6214,
					"endsWithSpace": true
				},
				{
					"text": "don't",
					"startTime": 6214,
					"endTime": 6480,
					"endsWithSpace": true
				},
				{
					"text": "talk",
					"startTime": 6480,
					"endTime": 6763,
					"endsWithSpace": true
				},
				{
					"text": "about",
					"startTime": 6763,
					"endTime": 7379,
					"endsWithSpace": true
				},
				{
					"text": "Bru",
					"startTime": 7379,
					"endTime": 7874
				},
				{
					"text": "no,",
					"startTime": 7874,
					"endTime": 9149,
					"endsWithSpace": true
				},
				{
					"text": "but",
					"startTime": 9686,
					"endTime": 10254
				}
			],
			"translations": [
				{
					"language": "zh-Hans",
					"text": "我们不提布鲁诺 可是"
				}
			],
			"id": "L2",
			"agentId": "v1",
			"songPart": "Intro",
			"blockIndex": 1
		},
		{
			"text": "It was my wedding day",
			"startTime": 10522,
			"endTime": 13518,
			"words": [
				{
					"text": "It",
					"startTime": 10522,
					"endTime": 10716,
					"endsWithSpace": true
				},
				{
					"text": "was",
					"startTime": 10716,
					"endTime": 10908,
					"endsWithSpace": true
				},
				{
					"text": "my",
					"startTime": 10908,
					"endTime": 11193,
					"endsWithSpace": true
				},
				{
					"text": "wedding",
					"startTime": 11193,
					"endTime": 11759,
					"endsWithSpace": true
				},
				{
					"text": "day",
					"startTime": 11759,
					"endTime": 12645
				}
			],
			"translations": [
				{
					"language": "zh-Hans",
					"text": "那天是我结婚的日子"
				}
			],
			"backgroundVocal": {
				"text": "It was our wedding day",
				"startTime": 11724,
				"endTime": 13518,
				"words": [
					{
						"text": "It",
						"startTime": 11724,
						"endTime": 11894,
						"endsWithSpace": true
					},
					{
						"text": "was",
						"startTime": 11894,
						"endTime": 12059,
						"endsWithSpace": true
					},
					{
						"text": "our",
						"startTime": 12059,
						"endTime": 12314,
						"endsWithSpace": true
					},
					{
						"text": "wedding",
						"startTime": 12314,
						"endTime": 12851,
						"endsWithSpace": true
					},
					{
						"text": "day",
						"startTime": 12851,
						"endTime": 13518
					}
				],
				"translations": [
					{
						"language": "zh-Hans",
						"text": "那天是我们结婚的日子"
					}
				]
			},
			"id": "L3",
			"agentId": "v1",
			"songPart": "Verse",
			"blockIndex": 2
		},
		{
			"text": "We were getting ready and there wasn't a cloud in the sky",
			"startTime": 12791,
			"endTime": 19911,
			"words": [
				{
					"text": "We",
					"startTime": 12791,
					"endTime": 13036,
					"endsWithSpace": true
				},
				{
					"text": "were",
					"startTime": 13036,
					"endTime": 13236,
					"endsWithSpace": true
				},
				{
					"text": "getting",
					"startTime": 13236,
					"endTime": 13482,
					"endsWithSpace": true
				},
				{
					"text": "ready",
					"startTime": 13482,
					"endTime": 14109,
					"endsWithSpace": true
				},
				{
					"text": "and",
					"startTime": 14109,
					"endTime": 14318,
					"endsWithSpace": true
				},
				{
					"text": "there",
					"startTime": 14318,
					"endTime": 14627,
					"endsWithSpace": true
				},
				{
					"text": "wasn't",
					"startTime": 14627,
					"endTime": 15291,
					"endsWithSpace": true
				},
				{
					"text": "a",
					"startTime": 15291,
					"endTime": 15573,
					"endsWithSpace": true
				},
				{
					"text": "cloud",
					"startTime": 15573,
					"endTime": 16132,
					"endsWithSpace": true
				},
				{
					"text": "in",
					"startTime": 16132,
					"endTime": 16411,
					"endsWithSpace": true
				},
				{
					"text": "the",
					"startTime": 16411,
					"endTime": 16718,
					"endsWithSpace": true
				},
				{
					"text": "sky",
					"startTime": 16718,
					"endTime": 17585
				}
			],
			"translations": [
				{
					"language": "zh-Hans",
					"text": "我们在做准备 天空万里无云"
				}
			],
			"backgroundVocal": {
				"text": "No clouds allowed in the sky",
				"startTime": 16943,
				"endTime": 19911,
				"words": [
					{
						"text": "No",
						"startTime": 16943,
						"endTime": 17272,
						"endsWithSpace": true
					},
					{
						"text": "clouds",
						"startTime": 17272,
						"endTime": 17629,
						"endsWithSpace": true
					},
					{
						"text": "allowed",
						"startTime": 17629,
						"endTime": 18508,
						"endsWithSpace": true
					},
					{
						"text": "in",
						"startTime": 18508,
						"endTime": 18803,
						"endsWithSpace": true
					},
					{
						"text": "the",
						"startTime": 18803,
						"endTime": 19112,
						"endsWithSpace": true
					},
					{
						"text": "sky",
						"startTime": 19112,
						"endTime": 19911
					}
				],
				"translations": [
					{
						"language": "zh-Hans",
						"text": "天空不许有一朵云"
					}
				]
			},
			"id": "L4",
			"agentId": "v1",
			"songPart": "Verse",
			"blockIndex": 2
		},
		{
			"text": "Bruno walks in with a mischievous grin",
			"startTime": 19257,
			"endTime": 24640,
			"words": [
				{
					"text": "Bruno",
					"startTime": 19257,
					"endTime": 19886,
					"endsWithSpace": true
				},
				{
					"text": "walks",
					"startTime": 19886,
					"endTime": 20179,
					"endsWithSpace": true
				},
				{
					"text": "in",
					"startTime": 20179,
					"endTime": 20806,
					"endsWithSpace": true
				},
				{
					"text": "with",
					"startTime": 20806,
					"endTime": 21085,
					"endsWithSpace": true
				},
				{
					"text": "a",
					"startTime": 21085,
					"endTime": 21337,
					"endsWithSpace": true
				},
				{
					"text": "mischievous",
					"startTime": 21337,
					"endTime": 22523,
					"endsWithSpace": true
				},
				{
					"text": "grin",
					"startTime": 22523,
					"endTime": 23116
				}
			],
			"translations": [
				{
					"language": "zh-Hans",
					"text": "布鲁诺坏笑着走了进来"
				}
			],
			"backgroundVocal": {
				"text": "Thunder",
				"startTime": 23119,
				"endTime": 24640,
				"words": [
					{
						"text": "Thun",
						"startTime": 23119,
						"endTime": 23714
					},
					{
						"text": "der",
						"startTime": 23714,
						"endTime": 24640
					}
				],
				"translations": [
					{
						"language": "zh-Hans",
						"text": "雷声隆隆"
					}
				]
			},
			"id": "L5",
			"agentId": "v1",
			"songPart": "Verse",
			"blockIndex": 2
		},
		{
			"text": "You telling this story or am I?",
			"startTime": 24262,
			"endTime": 29397,
			"words": [
				{
					"text": "You",
					"startTime": 24262,
					"endTime": 24496,
					"endsWithSpace": true
				},
				{
					"text": "telling",
					"startTime": 24496,
					"endTime": 24802,
					"endsWithSpace": true
				},
				{
					"text": "this",
					"startTime": 24802,
					"endTime": 25101,
					"endsWithSpace": true
				},
				{
					"text": "story",
					"startTime": 25101,
					"endTime": 25599,
					"endsWithSpace": true
				},
				{
					"text": "or",
					"startTime": 25599,
					"endTime": 25844,
					"endsWithSpace": true
				},
				{
					"text": "am",
					"startTime": 25844,
					"endTime": 26018,
					"endsWithSpace": true
				},
				{
					"text": "I?",
					"startTime": 26018,
					"endTime": 26530
				}
			],
			"translations": [
				{
					"language": "zh-Hans",
					"text": "你讲还是我讲"
				}
			],
			"backgroundVocal": {
				"text": "I'm sorry, mi vida, go on",
				"startTime": 26615,
				"endTime": 29397,
				"words": [
					{
						"text": "I'm",
						"startTime": 26615,
						"endTime": 26903,
						"endsWithSpace": true
					},
					{
						"text": "sorry,",
						"startTime": 26903,
						"endTime": 27181,
						"endsWithSpace": true
					},
					{
						"text": "mi",
						"startTime": 27181,
						"endTime": 27315,
						"endsWithSpace": true
					},
					{
						"text": "vida,",
						"startTime": 27315,
						"endTime": 27674,
						"endsWithSpace": true
					},
					{
						"text": "go",
						"startTime": 27674,
						"endTime": 27869,
						"endsWithSpace": true
					},
					{
						"text": "on",
						"startTime": 27869,
						"endTime": 29397
					}
				],
				"translations": [
					{
						"language": "zh-Hans",
						"text": "抱歉 亲爱的 请继续"
					}
				]
			},
			"id": "L6",
			"agentId": "v1",
			"songPart": "Verse",
			"blockIndex": 2
		},
		{
			"text": "Bruno says, \"It looks like rain\"",
			"startTime": 28487,
			"endTime": 34116,
			"words": [
				{
					"text": "Bru",
					"startTime": 28487,
					"endTime": 28900
				},
				{
					"text": "no",
					"startTime": 28900,
					"endTime": 29266,
					"endsWithSpace": true
				},
				{
					"text": "says,",
					"startTime": 29266,
					"endTime": 29596,
					"endsWithSpace": true
				},
				{
					"text": "\"It",
					"startTime": 29596,
					"endTime": 29849,
					"endsWithSpace": true
				},
				{
					"text": "looks",
					"startTime": 29849,
					"endTime": 30315,
					"endsWithSpace": true
				},
				{
					"text": "like",
					"startTime": 30315,
					"endTime": 30688,
					"endsWithSpace": true
				},
				{
					"text": "rain\"",
					"startTime": 30688,
					"endTime": 31564
				}
			],
			"translations": [
				{
					"language": "zh-Hans",
					"text": "布鲁诺说 看来要下雨"
				}
			],
			"backgroundVocal": {
				"text": "Why did he tell us?",
				"startTime": 31391,
				"endTime": 34116,
				"words": [
					{
						"text": "Why",
						"startTime": 31391,
						"endTime": 31665,
						"endsWithSpace": true
					},
					{
						"text": "did",
						"startTime": 31665,
						"endTime": 31797,
						"endsWithSpace": true
					},
					{
						"text": "he",
						"startTime": 31797,
						"endTime": 32096,
						"endsWithSpace": true
					},
					{
						"text": "tell",
						"startTime": 32096,
						"endTime": 32439,
						"endsWithSpace": true
					},
					{
						"text": "us?",
						"startTime": 32439,
						"endTime": 34116
					}
				],
				"translations": [
					{
						"language": "zh-Hans",
						"text": "他为何说出来"
					}
				]
			},
			"id": "L7",
			"agentId": "v1",
			"songPart": "Verse",
			"blockIndex": 2
		},
		{
			"text": "In doing so, he floods my brain",
			"startTime": 32977,
			"endTime": 38719,
			"words": [
				{
					"text": "In",
					"startTime": 32977,
					"endTime": 33350,
					"endsWithSpace": true
				},
				{
					"text": "doing",
					"startTime": 33350,
					"endTime": 33884,
					"endsWithSpace": true
				},
				{
					"text": "so,",
					"startTime": 33884,
					"endTime": 34242,
					"endsWithSpace": true
				},
				{
					"text": "he",
					"startTime": 34242,
					"endTime": 34472,
					"endsWithSpace": true
				},
				{
					"text": "floods",
					"startTime": 34472,
					"endTime": 34950,
					"endsWithSpace": true
				},
				{
					"text": "my",
					"startTime": 34950,
					"endTime": 35390,
					"endsWithSpace": true
				},
				{
					"text": "brain",
					"startTime": 35390,
					"endTime": 36245
				}
			],
			"translations": [
				{
					"language": "zh-Hans",
					"text": "那样做让我心绪难宁"
				}
			],
			"backgroundVocal": {
				"text": "Abuela, get the umbrellas",
				"startTime": 35712,
				"endTime": 38719,
				"words": [
					{
						"text": "Abuela,",
						"startTime": 35712,
						"endTime": 36212,
						"endsWithSpace": true
					},
					{
						"text": "get",
						"startTime": 36212,
						"endTime": 36340,
						"endsWithSpace": true
					},
					{
						"text": "the",
						"startTime": 36340,
						"endTime": 36491,
						"endsWithSpace": true
					},
					{
						"text": "um",
						"startTime": 36491,
						"endTime": 36773
					},
					{
						"text": "brel",
						"startTime": 36773,
						"endTime": 37067
					},
					{
						"text": "las",
						"startTime": 37067,
						"endTime": 38719
					}
				],
				"translations": [
					{
						"language": "zh-Hans",
						"text": "奶奶 请把雨伞拿出来"
					}
				]
			},
			"id": "L8",
			"agentId": "v1",
			"songPart": "Verse",
			"blockIndex": 2
		},
		{
			"text": "Married in a hurricane",
			"startTime": 37894,
			"endTime": 43125,
			"words": [
				{
					"text": "Married",
					"startTime": 37894,
					"endTime": 38585,
					"endsWithSpace": true
				},
				{
					"text": "in",
					"startTime": 38585,
					"endTime": 38834,
					"endsWithSpace": true
				},
				{
					"text": "a",
					"startTime": 38834,
					"endTime": 39101,
					"endsWithSpace": true
				},
				{
					"text": "hurri",
					"startTime": 39101,
					"endTime": 40020
				},
				{
					"text": "cane",
					"startTime": 40020,
					"endTime": 40888
				}
			],
			"translations": [
				{
					"language": "zh-Hans",
					"text": "在狂风骤雨的天气结婚"
				}
			],
			"backgroundVocal": {
				"text": "What a joyous day, but anyway",
				"startTime": 40662,
				"endTime": 43125,
				"words": [
					{
						"text": "What",
						"startTime": 40662,
						"endTime": 40799,
						"endsWithSpace": true
					},
					{
						"text": "a",
						"startTime": 40799,
						"endTime": 40922,
						"endsWithSpace": true
					},
					{
						"text": "joyous",
						"startTime": 40922,
						"endTime": 41482,
						"endsWithSpace": true
					},
					{
						"text": "day,",
						"startTime": 41482,
						"endTime": 41774,
						"endsWithSpace": true
					},
					{
						"text": "but",
						"startTime": 41774,
						"endTime": 42140,
						"endsWithSpace": true
					},
					{
						"text": "any",
						"startTime": 42140,
						"endTime": 42609
					},
					{
						"text": "way",
						"startTime": 42609,
						"endTime": 43125
					}
				],
				"translations": [
					{
						"language": "zh-Hans",
						"text": "多么欢乐的一天 可不管怎样"
					}
				]
			},
			"id": "L9",
			"agentId": "v1",
			"songPart": "Verse",
			"blockIndex": 2
		},
		{
			"text": "We don't talk about Bruno, no, no, no",
			"startTime": 43125,
			"endTime": 47605,
			"words": [
				{
					"text": "We",
					"startTime": 43125,
					"endTime": 43524,
					"endsWithSpace": true
				},
				{
					"text": "don't",
					"startTime": 43524,
					"endTime": 43793,
					"endsWithSpace": true
				},
				{
					"text": "talk",
					"startTime": 43793,
					"endTime": 44044,
					"endsWithSpace": true
				},
				{
					"text": "about",
					"startTime": 44044,
					"endTime": 44653,
					"endsWithSpace": true
				},
				{
					"text": "Bru",
					"startTime": 44653,
					"endTime": 45253
				},
				{
					"text": "no,",
					"startTime": 45253,
					"endTime": 45640,
					"endsWithSpace": true
				},
				{
					"text": "no,",
					"startTime": 45791,
					"endTime": 46434,
					"endsWithSpace": true
				},
				{
					"text": "no,",
					"startTime": 46434,
					"endTime": 47018,
					"endsWithSpace": true
				},
				{
					"text": "no",
					"startTime": 47018,
					"endTime": 47605
				}
			],
			"translations": [
				{
					"language": "zh-Hans",
					"text": "我们不提布鲁诺 不 不 不"
				}
			],
			"id": "L10",
			"agentId": "v4",
			"songPart": "Bridge",
			"blockIndex": 3
		},
		{
			"text": "We don't talk about Bruno",
			"startTime": 47798,
			"endTime": 51533,
			"words": [
				{
					"text": "We",
					"startTime": 47798,
					"endTime": 48143,
					"endsWithSpace": true
				},
				{
					"text": "don't",
					"startTime": 48143,
					"endTime": 48450,
					"endsWithSpace": true
				},
				{
					"text": "talk",
					"startTime": 48450,
					"endTime": 48704,
					"endsWithSpace": true
				},
				{
					"text": "about",
					"startTime": 48704,
					"endTime": 49316,
					"endsWithSpace": true
				},
				{
					"text": "Bru",
					"startTime": 49316,
					"endTime": 49923
				},
				{
					"text": "no",
					"startTime": 49923,
					"endTime": 51533
				}
			],
			"translations": [
				{
					"language": "zh-Hans",
					"text": "我们不提布鲁诺"
				}
			],
			"id": "L11",
			"agentId": "v4",
			"songPart": "Bridge",
			"blockIndex": 3
		},
		{
			"text": "Hey, grew to live in fear of Bruno stuttering or stumbling",
			"startTime": 51331,
			"endTime": 54202,
			"words": [
				{
					"text": "Hey,",
					"startTime": 51331,
					"endTime": 51594,
					"endsWithSpace": true
				},
				{
					"text": "grew",
					"startTime": 51964,
					"endTime": 52124,
					"endsWithSpace": true
				},
				{
					"text": "to",
					"startTime": 52124,
					"endTime": 52259,
					"endsWithSpace": true
				},
				{
					"text": "live",
					"startTime": 52259,
					"endTime": 52432,
					"endsWithSpace": true
				},
				{
					"text": "in",
					"startTime": 52432,
					"endTime": 52543,
					"endsWithSpace": true
				},
				{
					"text": "fear",
					"startTime": 52543,
					"endTime": 52807,
					"endsWithSpace": true
				},
				{
					"text": "of",
					"startTime": 52807,
					"endTime": 52907,
					"endsWithSpace": true
				},
				{
					"text": "Bruno",
					"startTime": 52907,
					"endTime": 53115,
					"endsWithSpace": true
				},
				{
					"text": "stuttering",
					"startTime": 53115,
					"endTime": 53485,
					"endsWithSpace": true
				},
				{
					"text": "or",
					"startTime": 53485,
					"endTime": 53621,
					"endsWithSpace": true
				},
				{
					"text": "stumbling",
					"startTime": 53621,
					"endTime": 54202
				}
			],
			"translations": [
				{
					"language": "zh-Hans",
					"text": "嘿 从小就害怕布鲁诺开口讲话"
				}
			],
			"id": "L12",
			"agentId": "v2",
			"songPart": "Verse",
			"blockIndex": 4
		},
		{
			"text": "I can always hear him sort of muttering and mumbling",
			"startTime": 54202,
			"endTime": 56522,
			"words": [
				{
					"text": "I",
					"startTime": 54202,
					"endTime": 54426,
					"endsWithSpace": true
				},
				{
					"text": "can",
					"startTime": 54426,
					"endTime": 54583,
					"endsWithSpace": true
				},
				{
					"text": "always",
					"startTime": 54583,
					"endTime": 54792,
					"endsWithSpace": true
				},
				{
					"text": "hear",
					"startTime": 54792,
					"endTime": 54932,
					"endsWithSpace": true
				},
				{
					"text": "him",
					"startTime": 54932,
					"endTime": 55130,
					"endsWithSpace": true
				},
				{
					"text": "sort",
					"startTime": 55130,
					"endTime": 55266,
					"endsWithSpace": true
				},
				{
					"text": "of",
					"startTime": 55266,
					"endTime": 55398,
					"endsWithSpace": true
				},
				{
					"text": "muttering",
					"startTime": 55398,
					"endTime": 55884,
					"endsWithSpace": true
				},
				{
					"text": "and",
					"startTime": 55884,
					"endTime": 55992,
					"endsWithSpace": true
				},
				{
					"text": "mumbling",
					"startTime": 55992,
					"endTime": 56522
				}
			],
			"translations": [
				{
					"language": "zh-Hans",
					"text": "我总是能听到他喃喃自语"
				}
			],
			"id": "L13",
			"agentId": "v2",
			"songPart": "Verse",
			"blockIndex": 4
		},
		{
			"text": "I associate him with the sound of falling sand",
			"startTime": 56532,
			"endTime": 61162,
			"words": [
				{
					"text": "I",
					"startTime": 56532,
					"endTime": 56780,
					"endsWithSpace": true
				},
				{
					"text": "associate",
					"startTime": 56780,
					"endTime": 57329,
					"endsWithSpace": true
				},
				{
					"text": "him",
					"startTime": 57329,
					"endTime": 57469,
					"endsWithSpace": true
				},
				{
					"text": "with",
					"startTime": 57469,
					"endTime": 57631,
					"endsWithSpace": true
				},
				{
					"text": "the",
					"startTime": 57631,
					"endTime": 57749,
					"endsWithSpace": true
				},
				{
					"text": "sound",
					"startTime": 57749,
					"endTime": 58077,
					"endsWithSpace": true
				},
				{
					"text": "of",
					"startTime": 58077,
					"endTime": 58355,
					"endsWithSpace": true
				},
				{
					"text": "falling",
					"startTime": 58355,
					"endTime": 58858,
					"endsWithSpace": true
				},
				{
					"text": "sand",
					"startTime": 58858,
					"endTime": 59483
				}
			],
			"translations": [
				{
					"language": "zh-Hans",
					"text": "想起他 我就想到沙子滑落的声音"
				}
			],
			"backgroundVocal": {
				"text": "Ch-ch-ch",
				"startTime": 59418,
				"endTime": 61162,
				"words": [
					{
						"text": "Ch-",
						"startTime": 59418,
						"endTime": 59858
					},
					{
						"text": "ch-",
						"startTime": 60057,
						"endTime": 60578
					},
					{
						"text": "ch",
						"startTime": 60688,
						"endTime": 61162
					}
				],
				"translations": [
					{
						"language": "zh-Hans",
						"text": "沙 沙 沙"
					}
				]
			},
			"id": "L14",
			"agentId": "v2",
			"songPart": "Verse",
			"blockIndex": 4
		},
		{
			"text": "It's a heavy lift with a gift so humbling",
			"startTime": 61226,
			"endTime": 63529,
			"words": [
				{
					"text": "It's",
					"startTime": 61226,
					"endTime": 61420,
					"endsWithSpace": true
				},
				{
					"text": "a",
					"startTime": 61420,
					"endTime": 61560,
					"endsWithSpace": true
				},
				{
					"text": "heavy",
					"startTime": 61560,
					"endTime": 61827,
					"endsWithSpace": true
				},
				{
					"text": "lift",
					"startTime": 61827,
					"endTime": 62155,
					"endsWithSpace": true
				},
				{
					"text": "with",
					"startTime": 62155,
					"endTime": 62307,
					"endsWithSpace": true
				},
				{
					"text": "a",
					"startTime": 62307,
					"endTime": 62447,
					"endsWithSpace": true
				},
				{
					"text": "gift",
					"startTime": 62447,
					"endTime": 62714,
					"endsWithSpace": true
				},
				{
					"text": "so",
					"startTime": 62714,
					"endTime": 63007,
					"endsWithSpace": true
				},
				{
					"text": "humbling",
					"startTime": 63007,
					"endTime": 63529
				}
			],
			"translations": [
				{
					"language": "zh-Hans",
					"text": "这份令人谦卑的天赋太沉重"
				}
			],
			"id": "L15",
			"agentId": "v2",
			"songPart": "Verse",
			"blockIndex": 4
		},
		{
			"text": "Always left Abuela and the family fumbling",
			"startTime": 63529,
			"endTime": 65818,
			"words": [
				{
					"text": "Always",
					"startTime": 63529,
					"endTime": 63881,
					"endsWithSpace": true
				},
				{
					"text": "left",
					"startTime": 63881,
					"endTime": 64092,
					"endsWithSpace": true
				},
				{
					"text": "Abuela",
					"startTime": 64092,
					"endTime": 64465,
					"endsWithSpace": true
				},
				{
					"text": "and",
					"startTime": 64465,
					"endTime": 64628,
					"endsWithSpace": true
				},
				{
					"text": "the",
					"startTime": 64628,
					"endTime": 64768,
					"endsWithSpace": true
				},
				{
					"text": "family",
					"startTime": 64768,
					"endTime": 65328,
					"endsWithSpace": true
				},
				{
					"text": "fumbling",
					"startTime": 65328,
					"endTime": 65818
				}
			],
			"translations": [
				{
					"language": "zh-Hans",
					"text": "总是让奶奶和家人手足无措"
				}
			],
			"id": "L16",
			"agentId": "v2",
			"songPart": "Verse",
			"blockIndex": 4
		},
		{
			"text": "Grappling with prophecies they couldn't understand",
			"startTime": 65850,
			"endTime": 68943,
			"words": [
				{
					"text": "Grappling",
					"startTime": 65850,
					"endTime": 66369,
					"endsWithSpace": true
				},
				{
					"text": "with",
					"startTime": 66369,
					"endTime": 66534,
					"endsWithSpace": true
				},
				{
					"text": "prophecies",
					"startTime": 66534,
					"endTime": 66929,
					"endsWithSpace": true
				},
				{
					"text": "they",
					"startTime": 66929,
					"endTime": 67069,
					"endsWithSpace": true
				},
				{
					"text": "couldn't",
					"startTime": 67069,
					"endTime": 67687,
					"endsWithSpace": true
				},
				{
					"text": "under",
					"startTime": 67687,
					"endTime": 68191
				},
				{
					"text": "stand",
					"startTime": 68191,
					"endTime": 68943
				}
			],
			"translations": [
				{
					"language": "zh-Hans",
					"text": "让他们面对无法理解的预言"
				}
			],
			"id": "L17",
			"agentId": "v2",
			"songPart": "Verse",
			"blockIndex": 4
		},
		{
			"text": "Do you understand?",
			"startTime": 69038,
			"endTime": 70408,
			"words": [
				{
					"text": "Do",
					"startTime": 69038,
					"endTime": 69247,
					"endsWithSpace": true
				},
				{
					"text": "you",
					"startTime": 69247,
					"endTime": 69445,
					"endsWithSpace": true
				},
				{
					"text": "under",
					"startTime": 69445,
					"endTime": 69951
				},
				{
					"text": "stand?",
					"startTime": 69951,
					"endTime": 70408
				}
			],
			"translations": [
				{
					"language": "zh-Hans",
					"text": "你懂吗"
				}
			],
			"id": "L18",
			"agentId": "v2",
			"songPart": "Verse",
			"blockIndex": 4
		},
		{
			"text": "Seven-foot frame, rats along his back",
			"startTime": 70408,
			"endTime": 74598,
			"words": [
				{
					"text": "Seven-",
					"startTime": 70408,
					"endTime": 71169
				},
				{
					"text": "foot",
					"startTime": 71169,
					"endTime": 71645,
					"endsWithSpace": true
				},
				{
					"text": "frame,",
					"startTime": 71645,
					"endTime": 72256,
					"endsWithSpace": true
				},
				{
					"text": "rats",
					"startTime": 72515,
					"endTime": 73251,
					"endsWithSpace": true
				},
				{
					"text": "along",
					"startTime": 73251,
					"endTime": 73764,
					"endsWithSpace": true
				},
				{
					"text": "his",
					"startTime": 73764,
					"endTime": 74055,
					"endsWithSpace": true
				},
				{
					"text": "back",
					"startTime": 74055,
					"endTime": 74598
				}
			],
			"translations": [
				{
					"language": "zh-Hans",
					"text": "身高七尺 背上爬老鼠"
				}
			],
			"id": "L19",
			"agentId": "v3",
			"songPart": "Verse",
			"blockIndex": 5
		},
		{
			"text": "When he calls your name, it all fades to black",
			"startTime": 74598,
			"endTime": 79148,
			"words": [
				{
					"text": "When",
					"startTime": 74598,
					"endTime": 74955,
					"endsWithSpace": true
				},
				{
					"text": "he",
					"startTime": 74955,
					"endTime": 75246,
					"endsWithSpace": true
				},
				{
					"text": "calls",
					"startTime": 75246,
					"endTime": 75817,
					"endsWithSpace": true
				},
				{
					"text": "your",
					"startTime": 75817,
					"endTime": 76379,
					"endsWithSpace": true
				},
				{
					"text": "name,",
					"startTime": 76379,
					"endTime": 76936,
					"endsWithSpace": true
				},
				{
					"text": "it",
					"startTime": 76984,
					"endTime": 77264,
					"endsWithSpace": true
				},
				{
					"text": "all",
					"startTime": 77264,
					"endTime": 77830,
					"endsWithSpace": true
				},
				{
					"text": "fades",
					"startTime": 77830,
					"endTime": 78368,
					"endsWithSpace": true
				},
				{
					"text": "to",
					"startTime": 78368,
					"endTime": 78694,
					"endsWithSpace": true
				},
				{
					"text": "black",
					"startTime": 78694,
					"endTime": 79148
				}
			],
			"translations": [
				{
					"language": "zh-Hans",
					"text": "他若唤你名字 万物隐进黑暗"
				}
			],
			"id": "L20",
			"agentId": "v3",
			"songPart": "Verse",
			"blockIndex": 5
		},
		{
			"text": "Yeah, he sees your dreams and feasts on your screams",
			"startTime": 79253,
			"endTime": 85043,
			"words": [
				{
					"text": "Yeah,",
					"startTime": 79253,
					"endTime": 79605,
					"endsWithSpace": true
				},
				{
					"text": "he",
					"startTime": 79605,
					"endTime": 79908,
					"endsWithSpace": true
				},
				{
					"text": "sees",
					"startTime": 79908,
					"endTime": 80445,
					"endsWithSpace": true
				},
				{
					"text": "your",
					"startTime": 80445,
					"endTime": 81063,
					"endsWithSpace": true
				},
				{
					"text": "dreams",
					"startTime": 81063,
					"endTime": 81694,
					"endsWithSpace": true
				},
				{
					"text": "and",
					"startTime": 81694,
					"endTime": 81961,
					"endsWithSpace": true
				},
				{
					"text": "feasts",
					"startTime": 81961,
					"endTime": 82576,
					"endsWithSpace": true
				},
				{
					"text": "on",
					"startTime": 82576,
					"endTime": 83067,
					"endsWithSpace": true
				},
				{
					"text": "your",
					"startTime": 83067,
					"endTime": 83369,
					"endsWithSpace": true
				},
				{
					"text": "screams",
					"startTime": 83369,
					"endTime": 84331
				}
			],
			"translations": [
				{
					"language": "zh-Hans",
					"text": "没错 他潜入你梦境 乐见你尖叫"
				}
			],
			"backgroundVocal": {
				"text": "Hey",
				"startTime": 83342,
				"endTime": 85043,
				"words": [
					{
						"text": "Hey",
						"startTime": 83342,
						"endTime": 85043
					}
				],
				"translations": [
					{
						"language": "zh-Hans",
						"text": "嘿"
					}
				]
			},
			"id": "L21",
			"agentId": "v3",
			"songPart": "Verse",
			"blockIndex": 5
		},
		{
			"text": "We don't talk about Bruno, no, no, no",
			"startTime": 85063,
			"endTime": 89683,
			"words": [
				{
					"text": "We",
					"startTime": 85063,
					"endTime": 85409,
					"endsWithSpace": true
				},
				{
					"text": "don't",
					"startTime": 85409,
					"endTime": 85734,
					"endsWithSpace": true
				},
				{
					"text": "talk",
					"startTime": 85734,
					"endTime": 85992,
					"endsWithSpace": true
				},
				{
					"text": "about",
					"startTime": 85992,
					"endTime": 86621,
					"endsWithSpace": true
				},
				{
					"text": "Bru",
					"startTime": 86621,
					"endTime": 87106
				},
				{
					"text": "no,",
					"startTime": 87106,
					"endTime": 87655,
					"endsWithSpace": true
				},
				{
					"text": "no,",
					"startTime": 87815,
					"endTime": 88391,
					"endsWithSpace": true
				},
				{
					"text": "no,",
					"startTime": 88391,
					"endTime": 89021,
					"endsWithSpace": true
				},
				{
					"text": "no",
					"startTime": 89021,
					"endTime": 89683
				}
			],
			"translations": [
				{
					"language": "zh-Hans",
					"text": "我们不提布鲁诺 不 不 不"
				}
			],
			"id": "L22",
			"agentId": "v4",
			"songPart": "Bridge",
			"blockIndex": 6
		},
		{
			"text": "We don't talk about Bruno",
			"startTime": 89713,
			"endTime": 93976,
			"words": [
				{
					"text": "We",
					"startTime": 89713,
					"endTime": 90024,
					"endsWithSpace": true
				},
				{
					"text": "don't",
					"startTime": 90024,
					"endTime": 90349,
					"endsWithSpace": true
				},
				{
					"text": "talk",
					"startTime": 90349,
					"endTime": 90631,
					"endsWithSpace": true
				},
				{
					"text": "about",
					"startTime": 90631,
					"endTime": 91262,
					"endsWithSpace": true
				},
				{
					"text": "Bru",
					"startTime": 91262,
					"endTime": 91852
				},
				{
					"text": "no",
					"startTime": 91852,
					"endTime": 93976
				}
			],
			"translations": [
				{
					"language": "zh-Hans",
					"text": "我们不提布鲁诺"
				}
			],
			"id": "L23",
			"agentId": "v4",
			"songPart": "Bridge",
			"blockIndex": 6
		},
		{
			"text": "He told me my fish would die, the next day, dead",
			"startTime": 94081,
			"endTime": 98910,
			"words": [
				{
					"text": "He",
					"startTime": 94081,
					"endTime": 94447,
					"endsWithSpace": true
				},
				{
					"text": "told",
					"startTime": 94447,
					"endTime": 94750,
					"endsWithSpace": true
				},
				{
					"text": "me",
					"startTime": 94750,
					"endTime": 94949,
					"endsWithSpace": true
				},
				{
					"text": "my",
					"startTime": 94949,
					"endTime": 95089,
					"endsWithSpace": true
				},
				{
					"text": "fish",
					"startTime": 95089,
					"endTime": 95403,
					"endsWithSpace": true
				},
				{
					"text": "would",
					"startTime": 95403,
					"endTime": 95567,
					"endsWithSpace": true
				},
				{
					"text": "die,",
					"startTime": 95567,
					"endTime": 95852,
					"endsWithSpace": true
				},
				{
					"text": "the",
					"startTime": 95976,
					"endTime": 96174,
					"endsWithSpace": true
				},
				{
					"text": "next",
					"startTime": 96174,
					"endTime": 96570,
					"endsWithSpace": true
				},
				{
					"text": "day,",
					"startTime": 96570,
					"endTime": 97007,
					"endsWithSpace": true
				},
				{
					"text": "dead",
					"startTime": 97118,
					"endTime": 97678
				}
			],
			"translations": [
				{
					"language": "zh-Hans",
					"text": "他说我的鱼会死 第二天鱼真的死了"
				}
			],
			"backgroundVocal": {
				"text": "No, no",
				"startTime": 97637,
				"endTime": 98910,
				"words": [
					{
						"text": "No,",
						"startTime": 97637,
						"endTime": 98302,
						"endsWithSpace": true
					},
					{
						"text": "no",
						"startTime": 98302,
						"endTime": 98910
					}
				],
				"translations": [
					{
						"language": "zh-Hans",
						"text": "不 不"
					}
				]
			},
			"id": "L24",
			"agentId": "v5",
			"songPart": "Verse",
			"blockIndex": 7
		},
		{
			"text": "He told me I'd grow a gut and just like he said",
			"startTime": 98788,
			"endTime": 103704,
			"words": [
				{
					"text": "He",
					"startTime": 98788,
					"endTime": 99107,
					"endsWithSpace": true
				},
				{
					"text": "told",
					"startTime": 99107,
					"endTime": 99395,
					"endsWithSpace": true
				},
				{
					"text": "me",
					"startTime": 99395,
					"endTime": 99570,
					"endsWithSpace": true
				},
				{
					"text": "I'd",
					"startTime": 99570,
					"endTime": 99722,
					"endsWithSpace": true
				},
				{
					"text": "grow",
					"startTime": 99722,
					"endTime": 99955,
					"endsWithSpace": true
				},
				{
					"text": "a",
					"startTime": 99955,
					"endTime": 100117,
					"endsWithSpace": true
				},
				{
					"text": "gut",
					"startTime": 100117,
					"endTime": 100449,
					"endsWithSpace": true
				},
				{
					"text": "and",
					"startTime": 100642,
					"endTime": 100888,
					"endsWithSpace": true
				},
				{
					"text": "just",
					"startTime": 100888,
					"endTime": 101193,
					"endsWithSpace": true
				},
				{
					"text": "like",
					"startTime": 101193,
					"endTime": 101484,
					"endsWithSpace": true
				},
				{
					"text": "he",
					"startTime": 101484,
					"endTime": 101751,
					"endsWithSpace": true
				},
				{
					"text": "said",
					"startTime": 101751,
					"endTime": 102368
				}
			],
			"translations": [
				{
					"language": "zh-Hans",
					"text": "他说我会发福 让他说中了"
				}
			],
			"backgroundVocal": {
				"text": "No, no",
				"startTime": 102267,
				"endTime": 103704,
				"words": [
					{
						"text": "No,",
						"startTime": 102267,
						"endTime": 102997,
						"endsWithSpace": true
					},
					{
						"text": "no",
						"startTime": 102997,
						"endTime": 103704
					}
				],
				"translations": [
					{
						"language": "zh-Hans",
						"text": "不 不"
					}
				]
			},
			"id": "L25",
			"agentId": "v6",
			"songPart": "Verse",
			"blockIndex": 7
		},
		{
			"text": "He said that all my hair would disappear, now look at my head",
			"startTime": 102378,
			"endTime": 108537,
			"words": [
				{
					"text": "He",
					"startTime": 102378,
					"endTime": 102651,
					"endsWithSpace": true
				},
				{
					"text": "said",
					"startTime": 102651,
					"endTime": 102920,
					"endsWithSpace": true
				},
				{
					"text": "that",
					"startTime": 102920,
					"endTime": 103237,
					"endsWithSpace": true
				},
				{
					"text": "all",
					"startTime": 103237,
					"endTime": 103504,
					"endsWithSpace": true
				},
				{
					"text": "my",
					"startTime": 103504,
					"endTime": 103811,
					"endsWithSpace": true
				},
				{
					"text": "hair",
					"startTime": 103811,
					"endTime": 104098,
					"endsWithSpace": true
				},
				{
					"text": "would",
					"startTime": 104098,
					"endTime": 104402,
					"endsWithSpace": true
				},
				{
					"text": "disappear,",
					"startTime": 104402,
					"endTime": 105300,
					"endsWithSpace": true
				},
				{
					"text": "now",
					"startTime": 105300,
					"endTime": 105557,
					"endsWithSpace": true
				},
				{
					"text": "look",
					"startTime": 105557,
					"endTime": 105849,
					"endsWithSpace": true
				},
				{
					"text": "at",
					"startTime": 105849,
					"endTime": 106140,
					"endsWithSpace": true
				},
				{
					"text": "my",
					"startTime": 106140,
					"endTime": 106444,
					"endsWithSpace": true
				},
				{
					"text": "head",
					"startTime": 106444,
					"endTime": 107591
				}
			],
			"translations": [
				{
					"language": "zh-Hans",
					"text": "他说我会头秃 结果你看看我的头"
				}
			],
			"backgroundVocal": {
				"text": "No, no",
				"startTime": 106989,
				"endTime": 108537,
				"words": [
					{
						"text": "No,",
						"startTime": 106989,
						"endTime": 107609,
						"endsWithSpace": true
					},
					{
						"text": "no",
						"startTime": 107609,
						"endTime": 108537
					}
				],
				"translations": [
					{
						"language": "zh-Hans",
						"text": "不 不"
					}
				]
			},
			"id": "L26",
			"agentId": "v7",
			"songPart": "Verse",
			"blockIndex": 7
		},
		{
			"text": "Your fate is sealed when your prophecy is read",
			"startTime": 108147,
			"endTime": 112495,
			"words": [
				{
					"text": "Your",
					"startTime": 108147,
					"endTime": 108439,
					"endsWithSpace": true
				},
				{
					"text": "fate",
					"startTime": 108439,
					"endTime": 108708,
					"endsWithSpace": true
				},
				{
					"text": "is",
					"startTime": 108708,
					"endTime": 109023,
					"endsWithSpace": true
				},
				{
					"text": "sealed",
					"startTime": 109023,
					"endTime": 109315,
					"endsWithSpace": true
				},
				{
					"text": "when",
					"startTime": 109315,
					"endTime": 109595,
					"endsWithSpace": true
				},
				{
					"text": "your",
					"startTime": 109595,
					"endTime": 109875,
					"endsWithSpace": true
				},
				{
					"text": "prophecy",
					"startTime": 109875,
					"endTime": 111077,
					"endsWithSpace": true
				},
				{
					"text": "is",
					"startTime": 111077,
					"endTime": 111368,
					"endsWithSpace": true
				},
				{
					"text": "read",
					"startTime": 111368,
					"endTime": 112495
				}
			],
			"translations": [
				{
					"language": "zh-Hans",
					"text": "预言既出 命中注定"
				}
			],
			"id": "L27",
			"agentId": "v4",
			"songPart": "Verse",
			"blockIndex": 7
		},
		{
			"text": "He told me that the life of my dreams",
			"startTime": 112505,
			"endTime": 116209,
			"words": [
				{
					"text": "He",
					"startTime": 112505,
					"endTime": 112768,
					"endsWithSpace": true
				},
				{
					"text": "told",
					"startTime": 113091,
					"endTime": 113448,
					"endsWithSpace": true
				},
				{
					"text": "me",
					"startTime": 113707,
					"endTime": 114001,
					"endsWithSpace": true
				},
				{
					"text": "that",
					"startTime": 114001,
					"endTime": 114261,
					"endsWithSpace": true
				},
				{
					"text": "the",
					"startTime": 114261,
					"endTime": 114585,
					"endsWithSpace": true
				},
				{
					"text": "life",
					"startTime": 114585,
					"endTime": 114905,
					"endsWithSpace": true
				},
				{
					"text": "of",
					"startTime": 115143,
					"endTime": 115434,
					"endsWithSpace": true
				},
				{
					"text": "my",
					"startTime": 115434,
					"endTime": 115725,
					"endsWithSpace": true
				},
				{
					"text": "dreams",
					"startTime": 115725,
					"endTime": 116209
				}
			],
			"translations": [
				{
					"language": "zh-Hans",
					"text": "他说我梦想的生活"
				}
			],
			"id": "L28",
			"agentId": "v8",
			"songPart": "Verse",
			"blockIndex": 8
		},
		{
			"text": "Would be promised, and someday be mine",
			"startTime": 116329,
			"endTime": 120447,
			"words": [
				{
					"text": "Would",
					"startTime": 116329,
					"endTime": 116650,
					"endsWithSpace": true
				},
				{
					"text": "be",
					"startTime": 116650,
					"endTime": 116919,
					"endsWithSpace": true
				},
				{
					"text": "promised,",
					"startTime": 116919,
					"endTime": 117850,
					"endsWithSpace": true
				},
				{
					"text": "and",
					"startTime": 117850,
					"endTime": 118050,
					"endsWithSpace": true
				},
				{
					"text": "someday",
					"startTime": 118050,
					"endTime": 118926,
					"endsWithSpace": true
				},
				{
					"text": "be",
					"startTime": 118926,
					"endTime": 119217,
					"endsWithSpace": true
				},
				{
					"text": "mine",
					"startTime": 119217,
					"endTime": 120447
				}
			],
			"translations": [
				{
					"language": "zh-Hans",
					"text": "将会成真 终有一天属于我"
				}
			],
			"id": "L29",
			"agentId": "v8",
			"songPart": "Verse",
			"blockIndex": 8
		},
		{
			"text": "He told me that my power would grow",
			"startTime": 121776,
			"endTime": 125541,
			"words": [
				{
					"text": "He",
					"startTime": 121776,
					"endTime": 122133,
					"endsWithSpace": true
				},
				{
					"text": "told",
					"startTime": 122440,
					"endTime": 122848,
					"endsWithSpace": true
				},
				{
					"text": "me",
					"startTime": 123028,
					"endTime": 123304,
					"endsWithSpace": true
				},
				{
					"text": "that",
					"startTime": 123304,
					"endTime": 123584,
					"endsWithSpace": true
				},
				{
					"text": "my",
					"startTime": 123584,
					"endTime": 123864,
					"endsWithSpace": true
				},
				{
					"text": "power",
					"startTime": 123864,
					"endTime": 124751,
					"endsWithSpace": true
				},
				{
					"text": "would",
					"startTime": 124751,
					"endTime": 124994,
					"endsWithSpace": true
				},
				{
					"text": "grow",
					"startTime": 124994,
					"endTime": 125541
				}
			],
			"translations": [
				{
					"language": "zh-Hans",
					"text": "他说我的力量会增长"
				}
			],
			"id": "L30",
			"agentId": "v8",
			"songPart": "Verse",
			"blockIndex": 8
		},
		{
			"text": "Like the grapes that thrive on the vine",
			"startTime": 125541,
			"endTime": 131895,
			"words": [
				{
					"text": "Like",
					"startTime": 125541,
					"endTime": 125962,
					"endsWithSpace": true
				},
				{
					"text": "the",
					"startTime": 125962,
					"endTime": 126242,
					"endsWithSpace": true
				},
				{
					"text": "grapes",
					"startTime": 126242,
					"endTime": 126718,
					"endsWithSpace": true
				},
				{
					"text": "that",
					"startTime": 126849,
					"endTime": 127138,
					"endsWithSpace": true
				},
				{
					"text": "thrive",
					"startTime": 127397,
					"endTime": 128038,
					"endsWithSpace": true
				},
				{
					"text": "on",
					"startTime": 128038,
					"endTime": 128260,
					"endsWithSpace": true
				},
				{
					"text": "the",
					"startTime": 128260,
					"endTime": 128575,
					"endsWithSpace": true
				},
				{
					"text": "vine",
					"startTime": 128575,
					"endTime": 129567
				}
			],
			"translations": [
				{
					"language": "zh-Hans",
					"text": "像藤上茁壮成长的葡萄"
				}
			],
			"backgroundVocal": {
				"text": "Óye, Mariano's on his way",
				"startTime": 129045,
				"endTime": 131895,
				"words": [
					{
						"text": "Óye,",
						"startTime": 129045,
						"endTime": 129646,
						"endsWithSpace": true
					},
					{
						"text": "Mariano's",
						"startTime": 129646,
						"endTime": 130533,
						"endsWithSpace": true
					},
					{
						"text": "on",
						"startTime": 130533,
						"endTime": 130813,
						"endsWithSpace": true
					},
					{
						"text": "his",
						"startTime": 130813,
						"endTime": 131104,
						"endsWithSpace": true
					},
					{
						"text": "way",
						"startTime": 131104,
						"endTime": 131895
					}
				],
				"translations": [
					{
						"language": "zh-Hans",
						"text": "喂 马里亚诺在路上"
					}
				]
			},
			"id": "L31",
			"agentId": "v8",
			"songPart": "Verse",
			"blockIndex": 8
		},
		{
			"text": "He told me that the man of my dreams",
			"startTime": 131047,
			"endTime": 134773,
			"words": [
				{
					"text": "He",
					"startTime": 131047,
					"endTime": 131414,
					"endsWithSpace": true
				},
				{
					"text": "told",
					"startTime": 131712,
					"endTime": 132112,
					"endsWithSpace": true
				},
				{
					"text": "me",
					"startTime": 132351,
					"endTime": 132630,
					"endsWithSpace": true
				},
				{
					"text": "that",
					"startTime": 132630,
					"endTime": 132899,
					"endsWithSpace": true
				},
				{
					"text": "the",
					"startTime": 132899,
					"endTime": 133179,
					"endsWithSpace": true
				},
				{
					"text": "man",
					"startTime": 133179,
					"endTime": 133536,
					"endsWithSpace": true
				},
				{
					"text": "of",
					"startTime": 133763,
					"endTime": 134065,
					"endsWithSpace": true
				},
				{
					"text": "my",
					"startTime": 134065,
					"endTime": 134340,
					"endsWithSpace": true
				},
				{
					"text": "dreams",
					"startTime": 134340,
					"endTime": 134773
				}
			],
			"translations": [
				{
					"language": "zh-Hans",
					"text": "他说我的梦中情人"
				}
			],
			"id": "L32",
			"agentId": "v2",
			"songPart": "Verse",
			"blockIndex": 9
		},
		{
			"text": "Would be just out of reach",
			"startTime": 134852,
			"endTime": 137370,
			"words": [
				{
					"text": "Would",
					"startTime": 134852,
					"endTime": 135236,
					"endsWithSpace": true
				},
				{
					"text": "be",
					"startTime": 135236,
					"endTime": 135527,
					"endsWithSpace": true
				},
				{
					"text": "just",
					"startTime": 135527,
					"endTime": 135949,
					"endsWithSpace": true
				},
				{
					"text": "out",
					"startTime": 136133,
					"endTime": 136413,
					"endsWithSpace": true
				},
				{
					"text": "of",
					"startTime": 136413,
					"endTime": 136692,
					"endsWithSpace": true
				},
				{
					"text": "reach",
					"startTime": 136692,
					"endTime": 137370
				}
			],
			"translations": [
				{
					"language": "zh-Hans",
					"text": "终将遥不可及"
				}
			],
			"id": "L33",
			"agentId": "v2",
			"songPart": "Verse",
			"blockIndex": 9
		},
		{
			"text": "Betrothed to another",
			"startTime": 137810,
			"endTime": 140408,
			"words": [
				{
					"text": "Betrothed",
					"startTime": 137810,
					"endTime": 138593,
					"endsWithSpace": true
				},
				{
					"text": "to",
					"startTime": 138593,
					"endTime": 138805,
					"endsWithSpace": true
				},
				{
					"text": "another",
					"startTime": 138805,
					"endTime": 140408
				}
			],
			"translations": [
				{
					"language": "zh-Hans",
					"text": "会与别人订婚"
				}
			],
			"id": "L34",
			"agentId": "v2",
			"songPart": "Verse",
			"blockIndex": 9
		},
		{
			"text": "It's like I hear him now",
			"startTime": 140722,
			"endTime": 143950,
			"words": [
				{
					"text": "It's",
					"startTime": 140722,
					"endTime": 141067,
					"endsWithSpace": true
				},
				{
					"text": "like",
					"startTime": 141067,
					"endTime": 141370,
					"endsWithSpace": true
				},
				{
					"text": "I",
					"startTime": 141370,
					"endTime": 141674,
					"endsWithSpace": true
				},
				{
					"text": "hear",
					"startTime": 141674,
					"endTime": 141991,
					"endsWithSpace": true
				},
				{
					"text": "him",
					"startTime": 141991,
					"endTime": 142559,
					"endsWithSpace": true
				},
				{
					"text": "now",
					"startTime": 142559,
					"endTime": 143950
				}
			],
			"translations": [
				{
					"language": "zh-Hans",
					"text": "仿佛我现在就听到他说话"
				}
			],
			"id": "L35",
			"agentId": "v2",
			"songPart": "Verse",
			"blockIndex": 9
		},
		{
			"text": "Hey sis, I want not a sound out of you",
			"startTime": 142152,
			"endTime": 148488,
			"words": [
				{
					"text": "Hey",
					"startTime": 142152,
					"endTime": 142533,
					"endsWithSpace": true
				},
				{
					"text": "sis,",
					"startTime": 142533,
					"endTime": 143141,
					"endsWithSpace": true
				},
				{
					"text": "I",
					"startTime": 144577,
					"endTime": 144881,
					"endsWithSpace": true
				},
				{
					"text": "want",
					"startTime": 144881,
					"endTime": 145345,
					"endsWithSpace": true
				},
				{
					"text": "not",
					"startTime": 145441,
					"endTime": 145744,
					"endsWithSpace": true
				},
				{
					"text": "a",
					"startTime": 145744,
					"endTime": 146048,
					"endsWithSpace": true
				},
				{
					"text": "sound",
					"startTime": 146048,
					"endTime": 146632,
					"endsWithSpace": true
				},
				{
					"text": "out",
					"startTime": 146632,
					"endTime": 146923,
					"endsWithSpace": true
				},
				{
					"text": "of",
					"startTime": 146923,
					"endTime": 147192,
					"endsWithSpace": true
				},
				{
					"text": "you",
					"startTime": 147192,
					"endTime": 148488
				}
			],
			"translations": [
				{
					"language": "zh-Hans",
					"text": "嘿 妹妹 我不想听到你出声"
				}
			],
			"id": "L36",
			"agentId": "v8",
			"songPart": "Verse",
			"blockIndex": 9
		},
		{
			"text": "It's like I can hear him now",
			"startTime": 145379,
			"endTime": 148093,
			"words": [
				{
					"text": "It's",
					"startTime": 145379,
					"endTime": 145761,
					"endsWithSpace": true
				},
				{
					"text": "like",
					"startTime": 145761,
					"endTime": 146075,
					"endsWithSpace": true
				},
				{
					"text": "I",
					"startTime": 146075,
					"endTime": 146219,
					"endsWithSpace": true
				},
				{
					"text": "can",
					"startTime": 146219,
					"endTime": 146323,
					"endsWithSpace": true
				},
				{
					"text": "hear",
					"startTime": 146323,
					"endTime": 146616,
					"endsWithSpace": true
				},
				{
					"text": "him",
					"startTime": 146616,
					"endTime": 147234,
					"endsWithSpace": true
				},
				{
					"text": "now",
					"startTime": 147234,
					"endTime": 148093
				}
			],
			"translations": [
				{
					"language": "zh-Hans",
					"text": "仿佛我现在就能听到他说话"
				}
			],
			"id": "L37",
			"agentId": "v2",
			"songPart": "Verse",
			"blockIndex": 9
		},
		{
			"text": "I can hear him now",
			"startTime": 148299,
			"endTime": 150252,
			"words": [
				{
					"text": "I",
					"startTime": 148299,
					"endTime": 148541,
					"endsWithSpace": true
				},
				{
					"text": "can",
					"startTime": 148541,
					"endTime": 148704,
					"endsWithSpace": true
				},
				{
					"text": "hear",
					"startTime": 148704,
					"endTime": 148984,
					"endsWithSpace": true
				},
				{
					"text": "him",
					"startTime": 148984,
					"endTime": 149555,
					"endsWithSpace": true
				},
				{
					"text": "now",
					"startTime": 149555,
					"endTime": 150252
				}
			],
			"translations": [
				{
					"language": "zh-Hans",
					"text": "我现在就能听到他说话"
				}
			],
			"id": "L38",
			"agentId": "v2",
			"songPart": "Verse",
			"blockIndex": 9
		},
		{
			"text": "Um, Bruno",
			"startTime": 149751,
			"endTime": 151342,
			"words": [
				{
					"text": "Um,",
					"startTime": 149751,
					"endTime": 150342,
					"endsWithSpace": true
				},
				{
					"text": "Bru",
					"startTime": 150653,
					"endTime": 150919
				},
				{
					"text": "no",
					"startTime": 150919,
					"endTime": 151342
				}
			],
			"translations": [
				{
					"language": "zh-Hans",
					"text": "呃 布鲁诺"
				}
			],
			"id": "L39",
			"agentId": "v9",
			"songPart": "Verse",
			"blockIndex": 10
		},
		{
			"text": "Yeah, about that Bruno",
			"startTime": 152317,
			"endTime": 153915,
			"words": [
				{
					"text": "Yeah,",
					"startTime": 152317,
					"endTime": 152670,
					"endsWithSpace": true
				},
				{
					"text": "about",
					"startTime": 152670,
					"endTime": 152974,
					"endsWithSpace": true
				},
				{
					"text": "that",
					"startTime": 152974,
					"endTime": 153292,
					"endsWithSpace": true
				},
				{
					"text": "Bru",
					"startTime": 153292,
					"endTime": 153525
				},
				{
					"text": "no",
					"startTime": 153525,
					"endTime": 153915
				}
			],
			"translations": [
				{
					"language": "zh-Hans",
					"text": "没错 说到那个布鲁诺"
				}
			],
			"id": "L40",
			"agentId": "v9",
			"songPart": "Verse",
			"blockIndex": 10
		},
		{
			"text": "I really need to know about Bruno",
			"startTime": 154230,
			"endTime": 156222,
			"words": [
				{
					"text": "I",
					"startTime": 154230,
					"endTime": 154426,
					"endsWithSpace": true
				},
				{
					"text": "really",
					"startTime": 154426,
					"endTime": 154742,
					"endsWithSpace": true
				},
				{
					"text": "need",
					"startTime": 154742,
					"endTime": 154865,
					"endsWithSpace": true
				},
				{
					"text": "to",
					"startTime": 154865,
					"endTime": 154986,
					"endsWithSpace": true
				},
				{
					"text": "know",
					"startTime": 154986,
					"endTime": 155296,
					"endsWithSpace": true
				},
				{
					"text": "about",
					"startTime": 155296,
					"endTime": 155631,
					"endsWithSpace": true
				},
				{
					"text": "Bru",
					"startTime": 155631,
					"endTime": 155875
				},
				{
					"text": "no",
					"startTime": 155875,
					"endTime": 156222
				}
			],
			"translations": [
				{
					"language": "zh-Hans",
					"text": "我真的需要了解布鲁诺"
				}
			],
			"id": "L41",
			"agentId": "v9",
			"songPart": "Verse",
			"blockIndex": 10
		},
		{
			"text": "Gimme the truth and the whole truth, Bruno",
			"startTime": 156358,
			"endTime": 161745,
			"words": [
				{
					"text": "Gimme",
					"startTime": 156358,
					"endTime": 156625,
					"endsWithSpace": true
				},
				{
					"text": "the",
					"startTime": 156625,
					"endTime": 156772,
					"endsWithSpace": true
				},
				{
					"text": "truth",
					"startTime": 156772,
					"endTime": 157084,
					"endsWithSpace": true
				},
				{
					"text": "and",
					"startTime": 157084,
					"endTime": 157216,
					"endsWithSpace": true
				},
				{
					"text": "the",
					"startTime": 157216,
					"endTime": 157356,
					"endsWithSpace": true
				},
				{
					"text": "whole",
					"startTime": 157356,
					"endTime": 157636,
					"endsWithSpace": true
				},
				{
					"text": "truth,",
					"startTime": 157636,
					"endTime": 157950,
					"endsWithSpace": true
				},
				{
					"text": "Bru",
					"startTime": 157950,
					"endTime": 158233
				},
				{
					"text": "no",
					"startTime": 158233,
					"endTime": 161091
				}
			],
			"translations": [
				{
					"language": "zh-Hans",
					"text": "告诉我真相 全部真相 布鲁诺"
				}
			],
			"backgroundVocal": {
				"text": "Isabela, your boyfriend's here",
				"startTime": 158421,
				"endTime": 161745,
				"words": [
					{
						"text": "Isabela,",
						"startTime": 158421,
						"endTime": 159982,
						"endsWithSpace": true
					},
					{
						"text": "your",
						"startTime": 159982,
						"endTime": 160287,
						"endsWithSpace": true
					},
					{
						"text": "boyfriend's",
						"startTime": 160287,
						"endTime": 161231,
						"endsWithSpace": true
					},
					{
						"text": "here",
						"startTime": 161231,
						"endTime": 161745
					}
				],
				"translations": [
					{
						"language": "zh-Hans",
						"text": "伊莎贝拉 你的男朋友来了"
					}
				]
			},
			"id": "L42",
			"agentId": "v9",
			"songPart": "Verse",
			"blockIndex": 10
		},
		{
			"text": "Time for dinner",
			"startTime": 161745,
			"endTime": 163729,
			"words": [
				{
					"text": "Time",
					"startTime": 161745,
					"endTime": 162287,
					"endsWithSpace": true
				},
				{
					"text": "for",
					"startTime": 162287,
					"endTime": 162603,
					"endsWithSpace": true
				},
				{
					"text": "din",
					"startTime": 162603,
					"endTime": 162896
				},
				{
					"text": "ner",
					"startTime": 162896,
					"endTime": 163729
				}
			],
			"translations": [
				{
					"language": "zh-Hans",
					"text": "晚宴时间到"
				}
			],
			"id": "L43",
			"agentId": "v4",
			"songPart": "Verse",
			"blockIndex": 10
		},
		{
			"text": "Seven-foot frame, rats along his back",
			"startTime": 163729,
			"endTime": 167749,
			"words": [
				{
					"text": "Seven-",
					"startTime": 163729,
					"endTime": 164347
				},
				{
					"text": "foot",
					"startTime": 164347,
					"endTime": 164890,
					"endsWithSpace": true
				},
				{
					"text": "frame,",
					"startTime": 164890,
					"endTime": 165445,
					"endsWithSpace": true
				},
				{
					"text": "rats",
					"startTime": 165820,
					"endTime": 166451,
					"endsWithSpace": true
				},
				{
					"text": "along",
					"startTime": 166451,
					"endTime": 166976,
					"endsWithSpace": true
				},
				{
					"text": "his",
					"startTime": 166976,
					"endTime": 167267,
					"endsWithSpace": true
				},
				{
					"text": "back",
					"startTime": 167267,
					"endTime": 167749
				}
			],
			"translations": [
				{
					"language": "zh-Hans",
					"text": "身高七尺 背上爬老鼠"
				}
			],
			"backgroundVocal": {
				"text": "It was my wedding day, it was our wedding day",
				"startTime": 164327,
				"endTime": 167302,
				"words": [
					{
						"text": "It",
						"startTime": 164327,
						"endTime": 164486,
						"endsWithSpace": true
					},
					{
						"text": "was",
						"startTime": 164486,
						"endTime": 164596,
						"endsWithSpace": true
					},
					{
						"text": "my",
						"startTime": 164596,
						"endTime": 164953,
						"endsWithSpace": true
					},
					{
						"text": "wedding",
						"startTime": 164953,
						"endTime": 165502,
						"endsWithSpace": true
					},
					{
						"text": "day,",
						"startTime": 165502,
						"endTime": 165615,
						"endsWithSpace": true
					},
					{
						"text": "it",
						"startTime": 165615,
						"endTime": 165715,
						"endsWithSpace": true
					},
					{
						"text": "was",
						"startTime": 165715,
						"endTime": 165826,
						"endsWithSpace": true
					},
					{
						"text": "our",
						"startTime": 165826,
						"endTime": 166106,
						"endsWithSpace": true
					},
					{
						"text": "wedding",
						"startTime": 166106,
						"endTime": 166702,
						"endsWithSpace": true
					},
					{
						"text": "day",
						"startTime": 166702,
						"endTime": 167302
					}
				],
				"translations": [
					{
						"language": "zh-Hans",
						"text": "那天是我结婚的日子 那天是我们结婚的日子"
					}
				]
			},
			"id": "L44",
			"agentId": "v3",
			"songPart": "Verse",
			"blockIndex": 11
		},
		{
			"text": "When he calls your name, it all fades to black",
			"startTime": 166632,
			"endTime": 172466,
			"words": [
				{
					"text": "When",
					"startTime": 167816,
					"endTime": 168171,
					"endsWithSpace": true
				},
				{
					"text": "he",
					"startTime": 168171,
					"endTime": 168473,
					"endsWithSpace": true
				},
				{
					"text": "calls",
					"startTime": 168473,
					"endTime": 169057,
					"endsWithSpace": true
				},
				{
					"text": "your",
					"startTime": 169057,
					"endTime": 169629,
					"endsWithSpace": true
				},
				{
					"text": "name,",
					"startTime": 169629,
					"endTime": 170149,
					"endsWithSpace": true
				},
				{
					"text": "it",
					"startTime": 170235,
					"endTime": 170491,
					"endsWithSpace": true
				},
				{
					"text": "all",
					"startTime": 170491,
					"endTime": 171064,
					"endsWithSpace": true
				},
				{
					"text": "fades",
					"startTime": 171064,
					"endTime": 171613,
					"endsWithSpace": true
				},
				{
					"text": "to",
					"startTime": 171613,
					"endTime": 171904,
					"endsWithSpace": true
				},
				{
					"text": "black",
					"startTime": 171904,
					"endTime": 172466
				}
			],
			"translations": [
				{
					"language": "zh-Hans",
					"text": "他若唤你名字 万物隐进黑暗"
				}
			],
			"backgroundVocal": {
				"text": "We were getting ready and there wasn't a cloud in the sky",
				"startTime": 166632,
				"endTime": 171364,
				"words": [
					{
						"text": "We",
						"startTime": 166632,
						"endTime": 166831,
						"endsWithSpace": true
					},
					{
						"text": "were",
						"startTime": 166831,
						"endTime": 166947,
						"endsWithSpace": true
					},
					{
						"text": "getting",
						"startTime": 166947,
						"endTime": 167288,
						"endsWithSpace": true
					},
					{
						"text": "ready",
						"startTime": 167288,
						"endTime": 167837,
						"endsWithSpace": true
					},
					{
						"text": "and",
						"startTime": 167837,
						"endTime": 168140,
						"endsWithSpace": true
					},
					{
						"text": "there",
						"startTime": 168140,
						"endTime": 168455,
						"endsWithSpace": true
					},
					{
						"text": "wasn't",
						"startTime": 168455,
						"endTime": 169084,
						"endsWithSpace": true
					},
					{
						"text": "a",
						"startTime": 169084,
						"endTime": 169353,
						"endsWithSpace": true
					},
					{
						"text": "cloud",
						"startTime": 169353,
						"endTime": 169902,
						"endsWithSpace": true
					},
					{
						"text": "in",
						"startTime": 169902,
						"endTime": 170193,
						"endsWithSpace": true
					},
					{
						"text": "the",
						"startTime": 170193,
						"endTime": 170484,
						"endsWithSpace": true
					},
					{
						"text": "sky",
						"startTime": 170484,
						"endTime": 171364
					}
				],
				"translations": [
					{
						"language": "zh-Hans",
						"text": "我们在做准备 天空万里无云"
					}
				]
			},
			"id": "L45",
			"agentId": "v3",
			"songPart": "Verse",
			"blockIndex": 11
		},
		{
			"text": "No clouds allowed in the sky",
			"startTime": 170701,
			"endTime": 173573,
			"words": [
				{
					"text": "No",
					"startTime": 170701,
					"endTime": 171034,
					"endsWithSpace": true
				},
				{
					"text": "clouds",
					"startTime": 171034,
					"endTime": 171305,
					"endsWithSpace": true
				},
				{
					"text": "allowed",
					"startTime": 171305,
					"endTime": 172218,
					"endsWithSpace": true
				},
				{
					"text": "in",
					"startTime": 172218,
					"endTime": 172519,
					"endsWithSpace": true
				},
				{
					"text": "the",
					"startTime": 172519,
					"endTime": 172770,
					"endsWithSpace": true
				},
				{
					"text": "sky",
					"startTime": 172770,
					"endTime": 173573
				}
			],
			"translations": [
				{
					"language": "zh-Hans",
					"text": "天空不许有一朵云"
				}
			],
			"id": "L46",
			"agentId": "v3",
			"songPart": "Verse",
			"blockIndex": 11
		},
		{
			"text": "Yeah, he sees your dreams and feasts on your screams",
			"startTime": 172480,
			"endTime": 177210,
			"words": [
				{
					"text": "Yeah,",
					"startTime": 172480,
					"endTime": 172806,
					"endsWithSpace": true
				},
				{
					"text": "he",
					"startTime": 172806,
					"endTime": 173086,
					"endsWithSpace": true
				},
				{
					"text": "sees",
					"startTime": 173086,
					"endTime": 173670,
					"endsWithSpace": true
				},
				{
					"text": "your",
					"startTime": 173670,
					"endTime": 174252,
					"endsWithSpace": true
				},
				{
					"text": "dreams",
					"startTime": 174252,
					"endTime": 174848,
					"endsWithSpace": true
				},
				{
					"text": "and",
					"startTime": 174848,
					"endTime": 175139,
					"endsWithSpace": true
				},
				{
					"text": "feasts",
					"startTime": 175139,
					"endTime": 175677,
					"endsWithSpace": true
				},
				{
					"text": "on",
					"startTime": 175677,
					"endTime": 176259,
					"endsWithSpace": true
				},
				{
					"text": "your",
					"startTime": 176259,
					"endTime": 176575,
					"endsWithSpace": true
				},
				{
					"text": "screams",
					"startTime": 176575,
					"endTime": 177210
				}
			],
			"translations": [
				{
					"language": "zh-Hans",
					"text": "没错 他潜入你梦境 乐见你尖叫"
				}
			],
			"backgroundVocal": {
				"text": "Bruno walks in with a mischievous grin",
				"startTime": 173067,
				"endTime": 176855,
				"words": [
					{
						"text": "Bruno",
						"startTime": 173067,
						"endTime": 173698,
						"endsWithSpace": true
					},
					{
						"text": "walks",
						"startTime": 173698,
						"endTime": 173989,
						"endsWithSpace": true
					},
					{
						"text": "in",
						"startTime": 173989,
						"endTime": 174502,
						"endsWithSpace": true
					},
					{
						"text": "with",
						"startTime": 174502,
						"endTime": 174794,
						"endsWithSpace": true
					},
					{
						"text": "a",
						"startTime": 174794,
						"endTime": 175109,
						"endsWithSpace": true
					},
					{
						"text": "mischievous",
						"startTime": 175109,
						"endTime": 176322,
						"endsWithSpace": true
					},
					{
						"text": "grin",
						"startTime": 176322,
						"endTime": 176855
					}
				],
				"translations": [
					{
						"language": "zh-Hans",
						"text": "布鲁诺坏笑着走了进来"
					}
				]
			},
			"id": "L47",
			"agentId": "v3",
			"songPart": "Verse",
			"blockIndex": 11
		},
		{
			"text": "You telling this story or am I?",
			"startTime": 176810,
			"endTime": 180502,
			"words": [
				{
					"text": "You",
					"startTime": 178035,
					"endTime": 178336,
					"endsWithSpace": true
				},
				{
					"text": "telling",
					"startTime": 178336,
					"endTime": 178641,
					"endsWithSpace": true
				},
				{
					"text": "this",
					"startTime": 178641,
					"endTime": 178915,
					"endsWithSpace": true
				},
				{
					"text": "story",
					"startTime": 178915,
					"endTime": 179380,
					"endsWithSpace": true
				},
				{
					"text": "or",
					"startTime": 179380,
					"endTime": 179627,
					"endsWithSpace": true
				},
				{
					"text": "am",
					"startTime": 179627,
					"endTime": 179790,
					"endsWithSpace": true
				},
				{
					"text": "I?",
					"startTime": 179790,
					"endTime": 180502
				}
			],
			"translations": [
				{
					"language": "zh-Hans",
					"text": "你讲还是我讲"
				}
			],
			"backgroundVocal": {
				"text": "Thunder",
				"startTime": 176810,
				"endTime": 178446,
				"words": [
					{
						"text": "Thun",
						"startTime": 176810,
						"endTime": 177490
					},
					{
						"text": "der",
						"startTime": 177490,
						"endTime": 178446
					}
				],
				"translations": [
					{
						"language": "zh-Hans",
						"text": "雷声隆隆"
					}
				]
			},
			"id": "L48",
			"agentId": "v3",
			"songPart": "Verse",
			"blockIndex": 11
		},
		{
			"text": "Óye, Mariano's on his way",
			"startTime": 180348,
			"endTime": 182868,
			"words": [
				{
					"text": "Óye,",
					"startTime": 180348,
					"endTime": 180952,
					"endsWithSpace": true
				},
				{
					"text": "Mariano's",
					"startTime": 180952,
					"endTime": 181827,
					"endsWithSpace": true
				},
				{
					"text": "on",
					"startTime": 181827,
					"endTime": 182132,
					"endsWithSpace": true
				},
				{
					"text": "his",
					"startTime": 182132,
					"endTime": 182398,
					"endsWithSpace": true
				},
				{
					"text": "way",
					"startTime": 182398,
					"endTime": 182868
				}
			],
			"translations": [
				{
					"language": "zh-Hans",
					"text": "喂 马里亚诺在路上"
				}
			],
			"id": "L49",
			"agentId": "v10",
			"songPart": "Verse",
			"blockIndex": 12
		},
		{
			"text": "Bruno says, \"It looks like rain\"",
			"startTime": 182369,
			"endTime": 188505,
			"words": [
				{
					"text": "Bruno",
					"startTime": 182369,
					"endTime": 183032,
					"endsWithSpace": true
				},
				{
					"text": "says,",
					"startTime": 183032,
					"endTime": 183319,
					"endsWithSpace": true
				},
				{
					"text": "\"It",
					"startTime": 183319,
					"endTime": 183646,
					"endsWithSpace": true
				},
				{
					"text": "looks",
					"startTime": 183646,
					"endTime": 184101,
					"endsWithSpace": true
				},
				{
					"text": "like",
					"startTime": 184101,
					"endTime": 184686,
					"endsWithSpace": true
				},
				{
					"text": "rain\"",
					"startTime": 184686,
					"endTime": 185390
				}
			],
			"translations": [
				{
					"language": "zh-Hans",
					"text": "布鲁诺说 看来要下雨"
				}
			],
			"backgroundVocal": {
				"text": "He told me that the man of my dreams would be just out of reach",
				"startTime": 182461,
				"endTime": 188505,
				"words": [
					{
						"text": "He",
						"startTime": 182461,
						"endTime": 182717,
						"endsWithSpace": true
					},
					{
						"text": "told",
						"startTime": 182994,
						"endTime": 183260,
						"endsWithSpace": true
					},
					{
						"text": "me",
						"startTime": 183574,
						"endTime": 183888,
						"endsWithSpace": true
					},
					{
						"text": "that",
						"startTime": 183888,
						"endTime": 184157,
						"endsWithSpace": true
					},
					{
						"text": "the",
						"startTime": 184157,
						"endTime": 184461,
						"endsWithSpace": true
					},
					{
						"text": "man",
						"startTime": 184461,
						"endTime": 184798,
						"endsWithSpace": true
					},
					{
						"text": "of",
						"startTime": 185021,
						"endTime": 185335,
						"endsWithSpace": true
					},
					{
						"text": "my",
						"startTime": 185335,
						"endTime": 185639,
						"endsWithSpace": true
					},
					{
						"text": "dreams",
						"startTime": 185639,
						"endTime": 186024,
						"endsWithSpace": true
					},
					{
						"text": "would",
						"startTime": 186221,
						"endTime": 186490,
						"endsWithSpace": true
					},
					{
						"text": "be",
						"startTime": 186490,
						"endTime": 186781,
						"endsWithSpace": true
					},
					{
						"text": "just",
						"startTime": 186781,
						"endTime": 187156,
						"endsWithSpace": true
					},
					{
						"text": "out",
						"startTime": 187401,
						"endTime": 187681,
						"endsWithSpace": true
					},
					{
						"text": "of",
						"startTime": 187681,
						"endTime": 187972,
						"endsWithSpace": true
					},
					{
						"text": "reach",
						"startTime": 187972,
						"endTime": 188505
					}
				],
				"translations": [
					{
						"language": "zh-Hans",
						"text": "他说我的梦中情人终将遥不可及"
					}
				]
			},
			"id": "L50",
			"agentId": "v1",
			"songPart": "Verse",
			"blockIndex": 12
		},
		{
			"text": "Why did he tell us?",
			"startTime": 185208,
			"endTime": 187659,
			"words": [
				{
					"text": "Why",
					"startTime": 185208,
					"endTime": 185464,
					"endsWithSpace": true
				},
				{
					"text": "did",
					"startTime": 185464,
					"endTime": 185564,
					"endsWithSpace": true
				},
				{
					"text": "he",
					"startTime": 185564,
					"endTime": 185855,
					"endsWithSpace": true
				},
				{
					"text": "tell",
					"startTime": 185855,
					"endTime": 186159,
					"endsWithSpace": true
				},
				{
					"text": "us?",
					"startTime": 186159,
					"endTime": 187659
				}
			],
			"translations": [
				{
					"language": "zh-Hans",
					"text": "他为何说出来"
				}
			],
			"id": "L51",
			"agentId": "v3",
			"songPart": "Verse",
			"blockIndex": 12
		},
		{
			"text": "In doing so, he floods my brain",
			"startTime": 186739,
			"endTime": 191072,
			"words": [
				{
					"text": "In",
					"startTime": 186739,
					"endTime": 187113,
					"endsWithSpace": true
				},
				{
					"text": "doing",
					"startTime": 187113,
					"endTime": 187699,
					"endsWithSpace": true
				},
				{
					"text": "so,",
					"startTime": 187699,
					"endTime": 187982,
					"endsWithSpace": true
				},
				{
					"text": "he",
					"startTime": 187982,
					"endTime": 188282,
					"endsWithSpace": true
				},
				{
					"text": "floods",
					"startTime": 188282,
					"endTime": 188687,
					"endsWithSpace": true
				},
				{
					"text": "my",
					"startTime": 188687,
					"endTime": 189127,
					"endsWithSpace": true
				},
				{
					"text": "brain",
					"startTime": 189127,
					"endTime": 189954
				}
			],
			"translations": [
				{
					"language": "zh-Hans",
					"text": "那样做让我心绪难宁"
				}
			],
			"backgroundVocal": {
				"text": "Betrothed to another, another",
				"startTime": 188572,
				"endTime": 191072,
				"words": [
					{
						"text": "Betrothed",
						"startTime": 188572,
						"endTime": 189140,
						"endsWithSpace": true
					},
					{
						"text": "to",
						"startTime": 189140,
						"endTime": 189284,
						"endsWithSpace": true
					},
					{
						"text": "another,",
						"startTime": 189284,
						"endTime": 189972,
						"endsWithSpace": true
					},
					{
						"text": "another",
						"startTime": 190225,
						"endTime": 191072
					}
				],
				"translations": [
					{
						"language": "zh-Hans",
						"text": "会与别人 别人订婚"
					}
				]
			},
			"id": "L52",
			"agentId": "v1",
			"songPart": "Verse",
			"blockIndex": 12
		},
		{
			"text": "Married in a hurricane",
			"startTime": 191101,
			"endTime": 196446,
			"words": [
				{
					"text": "Married",
					"startTime": 191738,
					"endTime": 192358,
					"endsWithSpace": true
				},
				{
					"text": "in",
					"startTime": 192358,
					"endTime": 192685,
					"endsWithSpace": true
				},
				{
					"text": "a",
					"startTime": 192685,
					"endTime": 192940,
					"endsWithSpace": true
				},
				{
					"text": "hurricane",
					"startTime": 192940,
					"endTime": 194757
				}
			],
			"translations": [
				{
					"language": "zh-Hans",
					"text": "在狂风骤雨的天气结婚"
				}
			],
			"backgroundVocal": {
				"text": "And I'm fine, and I'm fine, and I'm fine, I'm fine",
				"startTime": 191101,
				"endTime": 196446,
				"words": [
					{
						"text": "And",
						"startTime": 191101,
						"endTime": 191348,
						"endsWithSpace": true
					},
					{
						"text": "I'm",
						"startTime": 191348,
						"endTime": 191457,
						"endsWithSpace": true
					},
					{
						"text": "fine,",
						"startTime": 191457,
						"endTime": 191925,
						"endsWithSpace": true
					},
					{
						"text": "and",
						"startTime": 192071,
						"endTime": 192310,
						"endsWithSpace": true
					},
					{
						"text": "I'm",
						"startTime": 192310,
						"endTime": 192577,
						"endsWithSpace": true
					},
					{
						"text": "fine,",
						"startTime": 192577,
						"endTime": 193126,
						"endsWithSpace": true
					},
					{
						"text": "and",
						"startTime": 193245,
						"endTime": 193499,
						"endsWithSpace": true
					},
					{
						"text": "I'm",
						"startTime": 193499,
						"endTime": 193750,
						"endsWithSpace": true
					},
					{
						"text": "fine,",
						"startTime": 193750,
						"endTime": 194233,
						"endsWithSpace": true
					},
					{
						"text": "I'm",
						"startTime": 194378,
						"endTime": 194885,
						"endsWithSpace": true
					},
					{
						"text": "fine",
						"startTime": 194885,
						"endTime": 196446
					}
				],
				"translations": [
					{
						"language": "zh-Hans",
						"text": "我没事 我没事 我没事 我真的没事"
					}
				]
			},
			"id": "L53",
			"agentId": "v1",
			"songPart": "Verse",
			"blockIndex": 12
		},
		{
			"text": "He's here",
			"startTime": 196053,
			"endTime": 196986,
			"words": [
				{
					"text": "He's",
					"startTime": 196053,
					"endTime": 196445,
					"endsWithSpace": true
				},
				{
					"text": "here",
					"startTime": 196445,
					"endTime": 196986
				}
			],
			"translations": [
				{
					"language": "zh-Hans",
					"text": "他来了"
				}
			],
			"id": "L54",
			"agentId": "v4",
			"songPart": "Verse",
			"blockIndex": 12
		},
		{
			"text": "Don't talk about Bruno",
			"startTime": 196935,
			"endTime": 200359,
			"words": [
				{
					"text": "Don't",
					"startTime": 196935,
					"endTime": 197279,
					"endsWithSpace": true
				},
				{
					"text": "talk",
					"startTime": 197568,
					"endTime": 197834,
					"endsWithSpace": true
				},
				{
					"text": "about",
					"startTime": 197834,
					"endTime": 198421,
					"endsWithSpace": true
				},
				{
					"text": "Bru",
					"startTime": 198421,
					"endTime": 198988
				},
				{
					"text": "no",
					"startTime": 198988,
					"endTime": 200359
				}
			],
			"translations": [
				{
					"language": "zh-Hans",
					"text": "不提布鲁诺"
				}
			],
			"id": "L55",
			"agentId": "v4",
			"songPart": "Outro",
			"blockIndex": 13
		},
		{
			"text": "Why did I talk about Bruno?",
			"startTime": 198973,
			"endTime": 202348,
			"words": [
				{
					"text": "Why",
					"startTime": 198973,
					"endTime": 199302,
					"endsWithSpace": true
				},
				{
					"text": "did",
					"startTime": 199302,
					"endTime": 199582,
					"endsWithSpace": true
				},
				{
					"text": "I",
					"startTime": 199582,
					"endTime": 199861,
					"endsWithSpace": true
				},
				{
					"text": "talk",
					"startTime": 199861,
					"endTime": 200115,
					"endsWithSpace": true
				},
				{
					"text": "about",
					"startTime": 200115,
					"endTime": 200721,
					"endsWithSpace": true
				},
				{
					"text": "Bru",
					"startTime": 200721,
					"endTime": 201368
				},
				{
					"text": "no?",
					"startTime": 201368,
					"endTime": 202348
				}
			],
			"translations": [
				{
					"language": "zh-Hans",
					"text": "我为何提起布鲁诺"
				}
			],
			"id": "L56",
			"agentId": "v9",
			"songPart": "Outro",
			"blockIndex": 13
		},
		{
			"text": "Not a word about Bruno",
			"startTime": 201602,
			"endTime": 205212,
			"words": [
				{
					"text": "Not",
					"startTime": 201602,
					"endTime": 201944,
					"endsWithSpace": true
				},
				{
					"text": "a",
					"startTime": 201944,
					"endTime": 202239,
					"endsWithSpace": true
				},
				{
					"text": "word",
					"startTime": 202239,
					"endTime": 202625,
					"endsWithSpace": true
				},
				{
					"text": "about",
					"startTime": 202625,
					"endTime": 203105,
					"endsWithSpace": true
				},
				{
					"text": "Bru",
					"startTime": 203105,
					"endTime": 203698
				},
				{
					"text": "no",
					"startTime": 203698,
					"endTime": 205212
				}
			],
			"translations": [
				{
					"language": "zh-Hans",
					"text": "绝口不提布鲁诺"
				}
			],
			"id": "L57",
			"agentId": "v4",
			"songPart": "Outro",
			"blockIndex": 13
		},
		{
			"text": "I never shoulda brought up Bruno",
			"startTime": 203215,
			"endTime": 206128,
			"words": [
				{
					"text": "I",
					"startTime": 203215,
					"endTime": 203414,
					"endsWithSpace": true
				},
				{
					"text": "never",
					"startTime": 203414,
					"endTime": 203653,
					"endsWithSpace": true
				},
				{
					"text": "shoulda",
					"startTime": 203653,
					"endTime": 203973,
					"endsWithSpace": true
				},
				{
					"text": "brought",
					"startTime": 203973,
					"endTime": 204267,
					"endsWithSpace": true
				},
				{
					"text": "up",
					"startTime": 204267,
					"endTime": 204560,
					"endsWithSpace": true
				},
				{
					"text": "Bru",
					"startTime": 204560,
					"endTime": 204855
				},
				{
					"text": "no",
					"startTime": 204855,
					"endTime": 206128
				}
			],
			"translations": [
				{
					"language": "zh-Hans",
					"text": "我真不该提起布鲁诺"
				}
			],
			"id": "L58",
			"agentId": "v9",
			"songPart": "Outro",
			"blockIndex": 13
		}
	]
}
