---
source: tests/generator_snapshot_tests.rs
expression: json_string
input_file: tests/fixtures/complex-test-song.ttml
---
{
	"metadata": {
		"language": "ja",
		"timingMode": "Word",
		"songwriters": [
			"作曲者1号",
			"作曲者2号"
		],
		"title": [
			"Complex Test Song",
			"複雑なテストソング"
		],
		"artist": [
			"Vocalist A (Taro)",
			"Vocalist B (Hanako)"
		],
		"album": [
			"AMLL Parser Test Suite"
		],
		"isrc": [
			"JPXX02500001"
		],
		"authorIds": [
			"10001"
		],
		"authorNames": [
			"TestUser"
		],
		"agents": {
			"v1": {
				"id": "v1",
				"name": "Vocalist A (Taro)",
				"type": "person"
			},
			"v2": {
				"id": "v2",
				"name": "Vocalist B (Hanako)",
				"type": "person"
			},
			"v1000": {
				"id": "v1000",
				"name": "Chorus Group",
				"type": "group"
			}
		},
		"platformIds": {
			"ncmMusicId": [
				"123456789"
			],
			"qqMusicId": [
				"987654321"
			],
			"spotifyId": [
				"abc123xyz"
			],
			"appleMusicId": [
				"999888777"
			]
		}
	},
	"lines": [
		{
			"text": "これは テスト",
			"startTime": 10000,
			"endTime": 12000,
			"words": [
				{
					"text": "これ",
					"startTime": 10000,
					"endTime": 10500,
					"obscene": true
				},
				{
					"text": "は",
					"startTime": 10500,
					"endTime": 10800,
					"endsWithSpace": true
				},
				{
					"text": "テスト",
					"startTime": 11200,
					"endTime": 11800,
					"emptyBeat": 5
				}
			],
			"translations": [
				{
					"language": "en-US",
					"text": "This is the first line (Vocalist A)"
				},
				{
					"language": "zh-Hans-CN",
					"text": "这是第一行歌词 (演唱者A)"
				}
			],
			"romanizations": [
				{
					"language": "ja-Latn",
					"text": "Ko re wa tesuto",
					"words": [
						{
							"text": "Ko",
							"startTime": 10000,
							"endTime": 10500
						},
						{
							"text": "re",
							"startTime": 10500,
							"endTime": 10800,
							"endsWithSpace": true
						},
						{
							"text": "wa",
							"startTime": 10800,
							"endTime": 11000,
							"endsWithSpace": true
						},
						{
							"text": "tesuto",
							"startTime": 11200,
							"endTime": 11800
						}
					]
				}
			],
			"id": "L1",
			"agentId": "v1",
			"songPart": "Verse",
			"blockIndex": 1
		},
		{
			"text": "二つ目 の ライン",
			"startTime": 15000,
			"endTime": 17000,
			"words": [
				{
					"text": "二つ目",
					"startTime": 15000,
					"endTime": 15800,
					"endsWithSpace": true
				},
				{
					"text": "の",
					"startTime": 16000,
					"endTime": 16500,
					"endsWithSpace": true
				},
				{
					"text": "ライン",
					"startTime": 16500,
					"endTime": 17000
				}
			],
			"translations": [
				{
					"language": "en-US",
					"text": "This is the second line (Vocalist B)"
				},
				{
					"language": "zh-Hans-CN",
					"text": "这是第二行歌词 (演唱者B)"
				}
			],
			"romanizations": [
				{
					"language": "ja-Latn",
					"text": "Futatsume no rain",
					"words": [
						{
							"text": "Futatsume",
							"startTime": 15000,
							"endTime": 15800,
							"endsWithSpace": true
						},
						{
							"text": "no",
							"startTime": 16000,
							"endTime": 16500,
							"endsWithSpace": true
						},
						{
							"text": "rain",
							"startTime": 16500,
							"endTime": 17000
						}
					]
				}
			],
			"id": "L2",
			"agentId": "v2",
			"songPart": "Verse",
			"blockIndex": 1
		},
		{
			"text": "コーラス です",
			"startTime": 20000,
			"endTime": 25000,
			"words": [
				{
					"text": "コーラス",
					"startTime": 20000,
					"endTime": 21500,
					"endsWithSpace": true
				},
				{
					"text": "です",
					"startTime": 21500,
					"endTime": 22000
				}
			],
			"translations": [
				{
					"language": "en-US",
					"text": "This is the chorus line"
				},
				{
					"language": "zh-Hans-CN",
					"text": "这是合唱部分"
				}
			],
			"romanizations": [
				{
					"language": "ja-Latn",
					"text": "Kōrasu desu",
					"words": [
						{
							"text": "Kōrasu",
							"startTime": 20000,
							"endTime": 21500,
							"endsWithSpace": true
						},
						{
							"text": "desu",
							"startTime": 21500,
							"endTime": 22000
						}
					]
				}
			],
			"backgroundVocal": {
				"text": "背景",
				"startTime": 22500,
				"endTime": 23800,
				"words": [
					{
						"text": "背景",
						"startTime": 22500,
						"endTime": 23800
					}
				],
				"translations": [
					{
						"language": "en-US",
						"text": "With background"
					},
					{
						"language": "zh-Hans-CN",
						"text": "带背景音"
					}
				],
				"romanizations": [
					{
						"language": "ja-Latn",
						"text": "haikei",
						"words": [
							{
								"text": "haikei",
								"startTime": 22500,
								"endTime": 23800
							}
						]
					}
				]
			},
			"id": "L3",
			"agentId": "v1000",
			"songPart": "Chorus",
			"blockIndex": 2
		}
	]
}
