---
source: tests/generator_snapshot_tests.rs
expression: generated_xml
input_file: tests/fixtures/1752892462960-151196223-4b4faff5.ttml
---
<tt xmlns="http://www.w3.org/ns/ttml" xmlns:itunes="http://music.apple.com/lyric-ttml-internal" xmlns:ttm="http://www.w3.org/ns/ttml#metadata" xmlns:tts="http://www.w3.org/ns/ttml#styling" xmlns:amll="http://www.example.com/ns/amll">
    <head>
        <metadata>
            <ttm:agent type="person" xml:id="v1"/>
            <amll:meta key="musicName" value="Black Or White"/>
            <amll:meta key="artists" value="张杰"/>
            <amll:meta key="artists" value="Michael Jackson"/>
            <amll:meta key="album" value="我是歌手第二季 第5期"/>
            <amll:meta key="ncmMusicId" value="28427750"/>
            <amll:meta key="ttmlAuthorGithub" value="151196223"/>
            <amll:meta key="ttmlAuthorGithubLogin" value="Torotar"/>
            <iTunesMetadata xmlns="http://music.apple.com/lyric-ttml-internal">
                <translations>
                    <translation xml:lang="zh-CN">
                        <text for="L1">我带着我的宝贝去度周末</text>
                        <text for="L2">“小伙子，这是你的姑娘？”</text>
                        <text for="L3">&quot;是的，我们心心相印，合二为一&quot;</text>
                        <text for="L4">现在我相信奇迹</text>
                        <text for="L5">而今夜奇迹已经显现</text>
                        <text for="L6">但如果你在意我的孩子</text>
                        <text for="L7">这没有关系无论你是黑是白</text>
                        <text for="L8">我说如果你在意我的孩子</text>
                        <text for="L9">这没有关系无论你是黑是白</text>
                        <text for="L10">我说如果你在意我的孩子</text>
                        <text for="L11">这没有关系无论你是黑是白</text>
                        <text for="L12">他们把我的消息印在《太阳报》上</text>
                        <text for="L13">我不得不告诉他们我不是最好的</text>
                        <text for="L14">我坚信人人平等这个真理</text>
                        <text for="L15">无论你是错误或是正确都改变不了</text>
                        <text for="L16">但如果你在意我的孩子</text>
                        <text for="L17">这没有关系无论你是黑是白</text>
                        <text for="L18">我厌倦了这样的谬误</text>
                        <text for="L19">我厌倦了这样的素材</text>
                        <text for="L20">我厌倦了这些勾当</text>
                        <text for="L21">只到亡羊才去补牢</text>
                        <text for="L22">我不怕你的哥们</text>
                        <text for="L23">我不怕小报绯闻</text>
                        <text for="L24">我不怕任何人</text>
                        <text for="L25">宝贝只要一切有意义</text>
                        <text for="L26">保护帮派、社团和民族</text>
                        <text for="L27">人际关系不断遭到创伤</text>
                        <text for="L28">这是地盘战争遍及全世界</text>
                        <text for="L29">我宁可兼听双方的故事</text>
                        <text for="L30">无关于种族</text>
                        <text for="L31">只管于地域和脸面</text>
                        <text for="L32">你血缘来自哪里</text>
                        <text for="L33">哪里就是你的空间</text>
                        <text for="L34">我看见光明正在黯淡</text>
                        <text for="L35">我不会花一辈子时间为了某种肤色而活</text>
                        <text for="L36">不要跟我说你同意我的言论</text>
                        <text for="L37">当我看见你在我面前恶意中伤我</text>
                        <text for="L38">但如果你在意我的孩子</text>
                        <text for="L39">这没有关系无论你是黑是白</text>
                        <text for="L40">我说如果你在意我的孩子</text>
                        <text for="L41">这没有关系无论你是黑是白</text>
                        <text for="L42">但如果你在意当我的兄弟</text>
                        <text for="L43">这没有关系无论你是黑是白</text>
                        <text for="L44">无论你是黑是白</text>
                        <text for="L45">无论你是黑是白</text>
                        <text for="L46">这是黑，这是白，这很难让他们找到</text>
                        <text for="L47">这是黑，这是白，这很难让他们找到</text>
                        <text for="L48">这是黑，这是白，这很难让他们找到</text>
                        <text for="L49">这是黑，这是白，这很难让他们找到</text>
                        <text for="L50">是黑是白</text>
                        <text for="L51">是黑是白</text>
                        <text for="L52">是黑是白</text>
                    </translation>
                </translations>
            </iTunesMetadata>
        </metadata>
    </head>
    <body dur="4:16.274">
        <div begin="19.828" end="4:16.274">
            <p begin="19.828" end="23.752" itunes:key="L1" ttm:agent="v1">I took my baby on a Saturday bang</p>
            <p begin="24.271" end="25.889" itunes:key="L2" ttm:agent="v1">Boy is that girl with you</p>
            <p begin="25.889" end="27.967" itunes:key="L3" ttm:agent="v1">Yes we&apos;re one and the same</p>
            <p begin="28.302" end="30.036" itunes:key="L4" ttm:agent="v1">Now I believe in miracles</p>
            <p begin="30.036" end="33.319" itunes:key="L5" ttm:agent="v1">And a miracle has happened tonight</p>
            <p begin="36.083" end="38.633" itunes:key="L6" ttm:agent="v1">But, if you&apos;re thinkin&apos; about my baby</p>
            <p begin="38.633" end="42.171" itunes:key="L7" ttm:agent="v1">It don&apos;t matter if you&apos;re black or white</p>
            <p begin="44.345" end="47.462" itunes:key="L8" ttm:agent="v1">I said If You&apos;re Thinkin&apos; About My Baby</p>
            <p begin="47.462" end="51.107" itunes:key="L9" ttm:agent="v1">It Don&apos;t Matter If You&apos;re Black Or White</p>
            <p begin="53.358" end="56.220" itunes:key="L10" ttm:agent="v1">I said If You&apos;re Thinkin&apos; About My brother</p>
            <p begin="56.220" end="1:01.400" itunes:key="L11" ttm:agent="v1">It Don&apos;t Matter If You&apos;re Black Or White</p>
            <p begin="1:26.458" end="1:29.824" itunes:key="L12" ttm:agent="v1">They print my message in the Saturday Sun</p>
            <p begin="1:30.513" end="1:34.011" itunes:key="L13" ttm:agent="v1">I had to tell them I ain&apos;t second to none</p>
            <p begin="1:34.316" end="1:36.713" itunes:key="L14" ttm:agent="v1">And I told about equality and it&apos;s true</p>
            <p begin="1:36.713" end="1:39.651" itunes:key="L15" ttm:agent="v1">Either you&apos;re wrong or you&apos;re right</p>
            <p begin="1:41.074" end="1:44.579" itunes:key="L16" ttm:agent="v1">But, if you&apos;re thinkin&apos; about my baby</p>
            <p begin="1:44.579" end="1:47.699" itunes:key="L17" ttm:agent="v1">It don&apos;t matter if you&apos;re black or white</p>
            <p begin="2:03.409" end="2:05.324" itunes:key="L18" ttm:agent="v1">I am tired of this devil</p>
            <p begin="2:05.324" end="2:07.282" itunes:key="L19" ttm:agent="v1">I am tired of this stuff</p>
            <p begin="2:07.282" end="2:09.369" itunes:key="L20" ttm:agent="v1">I am tired of this business</p>
            <p begin="2:09.369" end="2:11.495" itunes:key="L21" ttm:agent="v1">Sew when the going gets rough</p>
            <p begin="2:11.495" end="2:13.466" itunes:key="L22" ttm:agent="v1">I ain&apos;t scared of your brother</p>
            <p begin="2:13.466" end="2:15.498" itunes:key="L23" ttm:agent="v1">I ain&apos;ts scared of no sheets</p>
            <p begin="2:15.498" end="2:17.634" itunes:key="L24" ttm:agent="v1">I ain&apos;t scared of nobody</p>
            <p begin="2:17.634" end="2:19.528" itunes:key="L25" ttm:agent="v1">Girl when the goin&apos; gets mean</p>
            <p begin="2:22.098" end="2:24.499" itunes:key="L26" ttm:agent="v1">Protection For gangs, clubs, and nations</p>
            <p begin="2:24.499" end="2:26.163" itunes:key="L27" ttm:agent="v1">Causing grief in human relations</p>
            <p begin="2:26.163" end="2:28.335" itunes:key="L28" ttm:agent="v1">It&apos;s a turf war on a global scale</p>
            <p begin="2:28.335" end="2:30.260" itunes:key="L29" ttm:agent="v1">I&apos;d rather hear both sides of the tale</p>
            <p begin="2:30.260" end="2:31.552" itunes:key="L30" ttm:agent="v1">See, it&apos;s not about races</p>
            <p begin="2:31.552" end="2:33.406" itunes:key="L31" ttm:agent="v1">Just places Faces</p>
            <p begin="2:33.406" end="2:34.210" itunes:key="L32" ttm:agent="v1">Where your blood comes from</p>
            <p begin="2:34.210" end="2:35.237" itunes:key="L33" ttm:agent="v1">Is were your space is</p>
            <p begin="2:35.237" end="2:36.662" itunes:key="L34" ttm:agent="v1">I&apos;ve seen the bright get duller</p>
            <p begin="2:36.662" end="2:38.780" itunes:key="L35" ttm:agent="v1">I&apos;m not going to spend my life being a color</p>
            <p begin="2:42.784" end="2:44.515" itunes:key="L36" ttm:agent="v1">Don&apos;t tell me you agree with me</p>
            <p begin="2:44.515" end="2:47.618" itunes:key="L37" ttm:agent="v1">When I saw you kicking dirt in my eye</p>
            <p begin="2:49.859" end="2:52.627" itunes:key="L38" ttm:agent="v1">But, if you&apos;re thinkin&apos; about my baby</p>
            <p begin="2:52.627" end="2:56.094" itunes:key="L39" ttm:agent="v1">It don&apos;t matter if you&apos;re black or white</p>
            <p begin="2:58.353" end="3:01.518" itunes:key="L40" ttm:agent="v1">I said if you&apos;re thinkin&apos; of being my baby</p>
            <p begin="3:01.518" end="3:04.244" itunes:key="L41" ttm:agent="v1">It don&apos;t matter if you&apos;re black or white</p>
            <p begin="3:06.575" end="3:09.362" itunes:key="L42" ttm:agent="v1">I said if you&apos;re thinkin&apos; of being my brother</p>
            <p begin="3:09.362" end="3:15.441" itunes:key="L43" ttm:agent="v1">It don&apos;t matter if you&apos;re black or white</p>
            <p begin="3:20.897" end="3:24.087" itunes:key="L44" ttm:agent="v1">NO Matter If You&apos;re Black Or White</p>
            <p begin="3:24.958" end="3:29.557" itunes:key="L45" ttm:agent="v1">NO Matter If You&apos;re Black Or White</p>
            <p begin="3:30.340" end="3:34.399" itunes:key="L46" ttm:agent="v1">It&apos;s Black, It&apos;s White It&apos;s Tough For You To Get By</p>
            <p begin="3:34.399" end="3:38.348" itunes:key="L47" ttm:agent="v1">It&apos;s Black , It&apos;s White It&apos;s Tough For You To Get By</p>
            <p begin="3:38.348" end="3:42.424" itunes:key="L48" ttm:agent="v1">It&apos;s Black, It&apos;s White It&apos;s Tough For You To Get By</p>
            <p begin="3:42.424" end="3:46.484" itunes:key="L49" ttm:agent="v1">It&apos;s Black , It&apos;s White It&apos;s Tough For You To Get By</p>
            <p begin="3:47.058" end="3:50.314" itunes:key="L50" ttm:agent="v1">Black Or White</p>
            <p begin="3:51.961" end="3:55.406" itunes:key="L51" ttm:agent="v1">Black Or White</p>
            <p begin="4:13.909" end="4:16.274" itunes:key="L52" ttm:agent="v1">Black Or White</p>
        </div>
    </body>
</tt>
